[2026-04-09 12:03:22] submit notify: start application_id=APP-20260409120006888
[2026-04-09 12:03:22] submit notify: row_found=yes
[2026-04-09 12:03:22] submit notify: candidate_email=256testingtest123@gmail.com client_id=3 job_role=SDE78
[2026-04-09 12:03:27] submit notify: candidate_confirmation_sent=yes
[2026-04-09 12:03:31] submit notify: internal_recipient_count=1 internal_sent_count=1
[2026-04-10 06:48:33] submit notify: start application_id=APP-20260409152306290
[2026-04-10 06:48:33] submit notify: row_found=yes
[2026-04-10 06:48:33] submit notify: candidate_email=256testingtest123@gmail.com client_id=3 job_role=SDE78
[2026-04-10 06:48:38] submit notify: candidate_confirmation_sent=yes
[2026-04-10 06:48:42] submit notify: internal_recipient_count=1 internal_sent_count=1
[2026-04-11 15:12:54] submit notify: start application_id=APP-20260411150358249
[2026-04-11 15:12:54] submit notify: row_found=yes
[2026-04-11 15:12:54] submit notify: candidate_email=256testingtest123@gmail.com client_id=3 job_role=SDE78
[2026-04-11 15:12:59] submit notify: candidate_confirmation_sent=yes
[2026-04-11 15:13:04] submit notify: internal_recipient_count=1 internal_sent_count=1
[2026-04-20 10:22:44] submit notify: start application_id=APP-20260416143603310
[2026-04-20 10:22:44] submit notify: row_found=yes
[2026-04-20 10:22:44] submit notify: candidate_email=256testingtest123@gmail.com client_id=3 job_role=SDE
[2026-04-20 10:22:47] submit notify: candidate_confirmation_sent=yes
[2026-04-20 10:22:51] submit notify: internal_recipient_count=1 internal_sent_count=1
[2026-04-28 12:25:19] submit notify: start application_id=APP-20260428114622304
[2026-04-28 12:25:19] submit notify: row_found=yes
[2026-04-28 12:25:19] submit notify: candidate_email=256testingtest123@gmail.com client_id=3 job_role=SDE
[2026-04-28 12:25:22] submit notify: candidate_confirmation_sent=yes
[2026-04-28 12:25:26] submit notify: internal_recipient_count=1 internal_sent_count=1
[2026-04-29 10:35:45] candidate workflow transition: rows updated=5; application_id=APP-20260429102143260
[2026-04-29 10:35:45] submit notify: start application_id=APP-20260429102143260
[2026-04-29 10:35:45] submit notify: row_found=yes
[2026-04-29 10:35:45] submit notify: candidate_email=256testingtest123@gmail.com client_id=3 job_role=SDE
[2026-04-29 10:35:49] submit notify: candidate_confirmation_sent=yes
[2026-04-29 10:35:54] submit notify: internal_recipient_count=1 internal_sent_count=1
[2026-04-29 10:36:09] candidate workflow transition: 0 rows updated; application_id=APP-20260429102143260
[2026-04-29 10:36:09] submit notify: start application_id=APP-20260429102143260
[2026-04-29 10:36:09] submit notify: row_found=yes
[2026-04-29 10:36:09] submit notify: candidate_email=256testingtest123@gmail.com client_id=3 job_role=SDE
[2026-04-29 10:36:12] submit notify: candidate_confirmation_sent=yes
[2026-04-29 10:36:16] submit notify: internal_recipient_count=1 internal_sent_count=1
[2026-04-29 11:14:12] candidate workflow transition: rows updated=5; application_id=APP-20260429105855577
[2026-04-29 11:14:12] submit notify: start application_id=APP-20260429105855577
[2026-04-29 11:14:12] submit notify: row_found=yes
[2026-04-29 11:14:12] submit notify: candidate_email=256testingtest123@gmail.com client_id=3 job_role=SDE
[2026-04-29 11:14:16] submit notify: candidate_confirmation_sent=yes
[2026-04-29 11:14:21] submit notify: internal_recipient_count=1 internal_sent_count=1
[2026-04-29 11:42:21] candidate workflow transition: rows updated=5; application_id=APP-20260429112504678
[2026-04-29 11:42:21] submit notify: start application_id=APP-20260429112504678
[2026-04-29 11:42:21] submit notify: row_found=yes
[2026-04-29 11:42:21] submit notify: candidate_email=256testingtest123@gmail.com client_id=3 job_role=SDE
[2026-04-29 11:42:25] submit notify: candidate_confirmation_sent=yes
[2026-04-29 11:42:28] submit notify: internal_recipient_count=1 internal_sent_count=1
[2026-04-29 12:42:48] candidate workflow transition: rows updated=5; application_id=APP-20260429122800189
[2026-04-29 12:42:48] submit notify: start application_id=APP-20260429122800189
[2026-04-29 12:42:48] submit notify: row_found=yes
[2026-04-29 12:42:48] submit notify: candidate_email=256testingtest123@gmail.com client_id=3 job_role=SDE
[2026-04-29 12:42:52] submit notify: candidate_confirmation_sent=yes
[2026-04-29 12:42:55] submit notify: internal_recipient_count=1 internal_sent_count=1
[2026-04-30 08:59:54] candidate workflow transition: rows updated=7; application_id=APP-20260430084129423
[2026-04-30 08:59:54] submit notify: start application_id=APP-20260430084129423
[2026-04-30 08:59:54] submit notify: row_found=yes
[2026-04-30 08:59:54] submit notify: candidate_email=256testingtest123@gmail.com client_id=3 job_role=SDE
[2026-04-30 08:59:58] submit notify: candidate_confirmation_sent=yes
[2026-04-30 09:00:01] submit notify: internal_recipient_count=1 internal_sent_count=1
[2026-04-30 09:44:45] candidate workflow transition: rows updated=7; application_id=APP-20260430094032852
[2026-04-30 09:44:45] submit notify: start application_id=APP-20260430094032852
[2026-04-30 09:44:45] submit notify: row_found=yes
[2026-04-30 09:44:45] submit notify: candidate_email=256testingtest123@gmail.com client_id=3 job_role=SDE
[2026-04-30 09:44:49] submit notify: candidate_confirmation_sent=yes
[2026-04-30 09:44:52] submit notify: internal_recipient_count=1 internal_sent_count=1
[2026-04-30 13:26:05] candidate workflow transition: rows updated=2; application_id=APP-20260430132220943
[2026-04-30 13:26:05] submit notify: start application_id=APP-20260430132220943
[2026-04-30 13:26:05] submit notify: row_found=yes
[2026-04-30 13:26:05] submit notify: candidate_email=256testingtest123@gmail.com client_id=3 job_role=SDE
[2026-04-30 13:26:08] submit notify: candidate_confirmation_sent=yes
[2026-04-30 13:26:11] submit notify: internal_recipient_count=1 internal_sent_count=1
[2026-04-30 13:36:58] candidate workflow transition: 0 rows updated; application_id=APP-20260430132220943
[2026-04-30 13:36:58] submit notify: start application_id=APP-20260430132220943
[2026-04-30 13:36:58] submit notify: row_found=yes
[2026-04-30 13:36:58] submit notify: candidate_email=256testingtest123@gmail.com client_id=3 job_role=SDE
[2026-04-30 13:37:01] submit notify: candidate_confirmation_sent=yes
[2026-04-30 13:37:05] submit notify: internal_recipient_count=1 internal_sent_count=1
[2026-04-30 14:08:09] candidate workflow transition: rows updated=2; application_id=APP-20260430133802973
[2026-04-30 14:08:09] submit notify: start application_id=APP-20260430133802973
[2026-04-30 14:08:09] submit notify: row_found=yes
[2026-04-30 14:08:09] submit notify: candidate_email=256testingtest123@gmail.com client_id=3 job_role=SDE
[2026-04-30 14:08:13] submit notify: candidate_confirmation_sent=yes
[2026-04-30 14:08:16] submit notify: internal_recipient_count=1 internal_sent_count=1
[2026-04-30 15:05:07] candidate workflow transition: rows updated=2; application_id=APP-20260430145807734
[2026-04-30 15:05:07] submit notify: start application_id=APP-20260430145807734
[2026-04-30 15:05:07] submit notify: row_found=yes
[2026-04-30 15:05:07] submit notify: candidate_email=256testingtest123@gmail.com client_id=3 job_role=SDE
[2026-04-30 15:05:10] submit notify: candidate_confirmation_sent=yes
[2026-04-30 15:05:14] submit notify: internal_recipient_count=1 internal_sent_count=1
[2026-05-02 07:28:36] candidate workflow transition: 0 rows updated; application_id=APP-20260430145807734
[2026-05-02 07:28:36] submit notify: start application_id=APP-20260430145807734
[2026-05-02 07:28:36] submit notify: row_found=yes
[2026-05-02 07:28:36] submit notify: candidate_email=256testingtest123@gmail.com client_id=3 job_role=SDE
[2026-05-02 07:28:41] submit notify: candidate_confirmation_sent=yes
[2026-05-02 07:28:44] submit notify: internal_recipient_count=1 internal_sent_count=1
[2026-05-02 09:20:59] candidate workflow transition: rows updated=2; application_id=APP-20260502090325233
[2026-05-02 09:20:59] submit notify: start application_id=APP-20260502090325233
[2026-05-02 09:20:59] submit notify: row_found=yes
[2026-05-02 09:20:59] submit notify: candidate_email=256testingtest123@gmail.com client_id=3 job_role=SDE
[2026-05-02 09:21:03] submit notify: candidate_confirmation_sent=yes
[2026-05-02 09:21:06] submit notify: internal_recipient_count=1 internal_sent_count=1
[2026-05-02 14:23:37] candidate workflow transition: rows updated=2; application_id=APP-20260502141434467
[2026-05-02 14:23:37] submit notify: start application_id=APP-20260502141434467
[2026-05-02 14:23:37] submit notify: row_found=yes
[2026-05-02 14:23:37] submit notify: candidate_email=256testingtest123@gmail.com client_id=3 job_role=SDE
[2026-05-02 14:23:42] submit notify: candidate_confirmation_sent=yes
[2026-05-02 14:23:46] submit notify: internal_recipient_count=1 internal_sent_count=1
[2026-05-05 08:30:24] candidate workflow transition: rows updated=8; application_id=APP-20260505075634567
[2026-05-05 08:30:24] validator workflow ready: rows updated=8; application_id=APP-20260505075634567
[2026-05-05 08:30:24] submit notify: start application_id=APP-20260505075634567
[2026-05-05 08:30:24] submit notify: row_found=yes
[2026-05-05 08:30:24] submit notify: candidate_email=256testingtest123@gmail.com client_id=3 job_role=SDE
[2026-05-05 08:30:55] submit notify: candidate_confirmation_sent=no
[2026-05-05 08:30:59] submit notify: internal_recipient_count=1 internal_sent_count=1
