[2026-04-13 05:38:04 UTC] Unauthorized API request {"path":"/GSS/api/shared/reports/candidate_report_get.php?application_id=APP-20260409152306290"}
[2026-04-13 05:50:28 UTC] Unauthorized API request {"path":"/GSS/api/shared/case_workflow_snapshot.php?application_id=APP-20260411150358249"}
[2026-04-13 05:50:28 UTC] Unauthorized API request {"path":"/GSS/api/shared/reports/candidate_report_get.php?application_id=APP-20260411150358249"}
[2026-04-13 06:07:47 UTC] Unauthorized API request {"path":"/GSS/api/shared/case_workflow_snapshot.php?application_id=APP-20260409152306290"}
[2026-04-13 06:07:47 UTC] Unauthorized API request {"path":"/GSS/api/shared/reports/candidate_report_get.php?application_id=APP-20260409152306290"}
[2026-04-13 07:19:03 UTC] Unauthorized API request {"path":"/GSS/api/shared/my_assigned_applications.php"}
[2026-04-13 07:19:12 UTC] Unauthorized API request {"path":"/GSS/api/shared/my_assigned_applications.php"}
[2026-04-13 07:21:17 UTC] Unauthorized API request {"path":"/GSS/api/shared/my_assigned_applications.php"}
[2026-04-13 10:15:46 UTC] Unauthorized API request {"path":"/GSS/api/shared/my_assigned_applications.php"}
[2026-04-13 10:15:49 UTC] Unauthorized API request {"path":"/GSS/api/shared/my_assigned_applications.php"}
[2026-04-13 10:16:09 UTC] Unauthorized API request {"path":"/GSS/api/shared/my_assigned_applications.php"}
[2026-04-13 10:16:11 UTC] Unauthorized API request {"path":"/GSS/api/shared/my_assigned_applications.php"}
[2026-04-13 10:24:46 UTC] Unauthorized API request {"path":"/GSS/api/shared/my_assigned_applications.php"}
[2026-04-13 10:25:20 UTC] Unauthorized API request {"path":"/GSS/api/shared/my_assigned_applications.php"}
[2026-04-13 10:26:18 UTC] Unauthorized API request {"path":"/GSS/api/shared/my_assigned_applications.php"}
[2026-04-13 10:26:49 UTC] Unauthorized API request {"path":"/GSS/api/shared/my_assigned_applications.php"}
[2026-04-13 10:27:01 UTC] Unauthorized API request {"path":"/GSS/api/shared/my_assigned_applications.php"}
[2026-04-13 10:27:04 UTC] Unauthorized API request {"path":"/GSS/api/shared/my_assigned_applications.php"}
[2026-04-13 10:32:49 UTC] Unauthorized API request {"path":"/GSS/api/shared/my_assigned_applications.php"}
[2026-04-13 10:33:07 UTC] Unauthorized API request {"path":"/GSS/api/shared/my_assigned_applications.php"}
[2026-04-13 10:47:43 UTC] Unauthorized API request {"path":"/GSS/api/shared/my_assigned_applications.php"}
[2026-04-13 10:49:26 UTC] Unauthorized API request {"path":"/GSS/api/shared/my_assigned_applications.php"}
[2026-04-13 10:56:24 UTC] Unauthorized API request {"path":"/GSS/api/shared/my_assigned_applications.php"}
[2026-04-13 10:57:40 UTC] Unauthorized API request {"path":"/GSS/api/shared/my_assigned_applications.php"}
[2026-04-13 10:57:42 UTC] Unauthorized API request {"path":"/GSS/api/shared/my_assigned_applications.php"}
[2026-04-13 10:57:48 UTC] Unauthorized API request {"path":"/GSS/api/shared/my_assigned_applications.php"}
[2026-04-13 10:57:50 UTC] Unauthorized API request {"path":"/GSS/api/shared/my_assigned_applications.php"}
[2026-04-13 10:58:01 UTC] Unauthorized API request {"path":"/GSS/api/shared/my_assigned_applications.php"}
[2026-04-13 10:58:05 UTC] Unauthorized API request {"path":"/GSS/api/shared/my_assigned_applications.php"}
[2026-04-13 11:01:51 UTC] Unauthorized API request {"path":"/GSS/api/shared/my_assigned_applications.php"}
[2026-04-13 11:06:13 UTC] Unauthorized API request {"path":"/GSS/api/shared/my_assigned_applications.php"}
[2026-04-13 11:58:29 UTC] Unauthorized API request {"path":"/GSS/api/shared/my_assigned_applications.php"}
[2026-04-13 12:00:10 UTC] Unauthorized API request {"path":"/GSS/api/shared/my_assigned_applications.php"}
[2026-04-13 12:00:16 UTC] Unauthorized API request {"path":"/GSS/api/shared/my_assigned_applications.php"}
[2026-04-14 05:35:49 UTC] Unauthorized API request {"path":"/GSS/api/shared/my_assigned_applications.php"}
[2026-04-14 07:51:55 UTC] Unauthorized API request {"path":"/GSS/api/shared/reports/candidate_report_get.php?application_id=APP-20260409152306290"}
[2026-04-14 12:44:58 UTC] Unauthorized API request {"path":"/GSS/api/shared/case_workflow_snapshot.php?application_id=APP-20260409150135652"}
[2026-04-14 12:44:58 UTC] Unauthorized API request {"path":"/GSS/api/shared/reports/candidate_report_get.php?application_id=APP-20260409150135652"}
[2026-04-14 13:17:57 UTC] Unauthorized API request {"path":"/GSS/api/shared/case_workflow_snapshot.php?application_id=APP-20260409150135652"}
[2026-04-14 13:17:57 UTC] Unauthorized API request {"path":"/GSS/api/shared/reports/candidate_report_get.php?application_id=APP-20260409150135652"}
[2026-04-14 13:19:27 UTC] Unauthorized API request {"path":"/GSS/api/shared/case_workflow_snapshot.php?application_id=APP-20260211112833766"}
[2026-04-14 13:19:27 UTC] Unauthorized API request {"path":"/GSS/api/shared/reports/candidate_report_get.php?application_id=APP-20260211112833766"}
[2026-04-14 13:56:00 UTC] Unauthorized API request {"path":"/GSS/api/shared/case_workflow_snapshot.php?application_id=APP-20260409150135652"}
[2026-04-14 13:56:00 UTC] Unauthorized API request {"path":"/GSS/api/shared/reports/candidate_report_get.php?application_id=APP-20260409150135652"}
[2026-04-14 13:56:11 UTC] Unauthorized API request {"path":"/GSS/api/shared/case_workflow_snapshot.php?application_id=APP-20260409150135652"}
[2026-04-14 13:56:11 UTC] Unauthorized API request {"path":"/GSS/api/shared/reports/candidate_report_get.php?application_id=APP-20260409150135652"}
[2026-04-15 05:10:18 UTC] Unauthorized API request {"path":"/GSS/api/shared/case_workflow_snapshot.php?application_id=APP-20260211112833766"}
[2026-04-15 05:10:18 UTC] Unauthorized API request {"path":"/GSS/api/shared/reports/candidate_report_get.php?application_id=APP-20260211112833766"}
[2026-04-15 05:14:14 UTC] Unauthorized API request {"path":"/GSS/api/shared/case_workflow_snapshot.php?application_id=APP-20260211125723738"}
[2026-04-15 05:14:14 UTC] Unauthorized API request {"path":"/GSS/api/shared/reports/candidate_report_get.php?application_id=APP-20260211125723738"}
[2026-04-15 05:20:17 UTC] Unauthorized API request {"path":"/GSS/api/shared/case_workflow_snapshot.php?application_id=APP-20260211125723738"}
[2026-04-15 05:20:17 UTC] Unauthorized API request {"path":"/GSS/api/shared/reports/candidate_report_get.php?application_id=APP-20260211125723738"}
[2026-04-15 05:20:29 UTC] Unauthorized API request {"path":"/GSS/api/shared/reports/candidate_report_get.php?application_id=APP-20260409152306290"}
[2026-04-15 05:34:37 UTC] Unauthorized API request {"path":"/GSS/api/shared/case_workflow_snapshot.php?application_id=APP-20260211112833766"}
[2026-04-15 05:34:37 UTC] Unauthorized API request {"path":"/GSS/api/shared/reports/candidate_report_get.php?application_id=APP-20260211112833766"}
[2026-04-15 05:35:08 UTC] Unauthorized API request {"path":"/GSS/api/shared/case_workflow_snapshot.php?application_id=APP-20260211112833766"}
[2026-04-15 05:35:08 UTC] Unauthorized API request {"path":"/GSS/api/shared/reports/candidate_report_get.php?application_id=APP-20260211112833766"}
[2026-04-15 05:35:16 UTC] Unauthorized API request {"path":"/GSS/api/shared/case_workflow_snapshot.php?application_id=APP-20260211125723738"}
[2026-04-15 05:35:16 UTC] Unauthorized API request {"path":"/GSS/api/shared/reports/candidate_report_get.php?application_id=APP-20260211125723738"}
[2026-04-15 06:42:12 UTC] Unauthorized API request {"path":"/GSS/api/shared/case_workflow_snapshot.php?application_id=APP-20260211125723738"}
[2026-04-15 06:42:12 UTC] Unauthorized API request {"path":"/GSS/api/shared/reports/candidate_report_get.php?application_id=APP-20260211125723738"}
[2026-04-15 06:43:16 UTC] Unauthorized API request {"path":"/GSS/api/shared/case_workflow_snapshot.php?application_id=APP-20260211125723738"}
[2026-04-15 06:43:16 UTC] Unauthorized API request {"path":"/GSS/api/shared/reports/candidate_report_get.php?application_id=APP-20260211125723738"}
[2026-04-15 07:19:39 UTC] Unauthorized API request {"path":"/GSS/api/shared/case_workflow_snapshot.php?application_id=APP-20260211125723738"}
[2026-04-15 07:19:39 UTC] Unauthorized API request {"path":"/GSS/api/shared/reports/candidate_report_get.php?application_id=APP-20260211125723738"}
[2026-04-15 07:19:51 UTC] Unauthorized API request {"path":"/GSS/api/shared/case_workflow_snapshot.php?application_id=APP-20260404152516127"}
[2026-04-15 07:19:51 UTC] Unauthorized API request {"path":"/GSS/api/shared/reports/candidate_report_get.php?application_id=APP-20260404152516127"}
[2026-04-15 07:20:02 UTC] Unauthorized API request {"path":"/GSS/api/shared/case_workflow_snapshot.php?application_id=APP-20260404152516127"}
[2026-04-15 07:20:02 UTC] Unauthorized API request {"path":"/GSS/api/shared/reports/candidate_report_get.php?application_id=APP-20260404152516127"}
[2026-04-15 07:20:10 UTC] Unauthorized API request {"path":"/GSS/api/shared/case_workflow_snapshot.php?application_id=APP-20260409152306290"}
[2026-04-15 07:20:10 UTC] Unauthorized API request {"path":"/GSS/api/shared/reports/candidate_report_get.php?application_id=APP-20260409152306290"}
[2026-04-15 07:21:57 UTC] Unauthorized API request {"path":"/GSS/api/shared/case_workflow_snapshot.php?application_id=APP-20260211125723738"}
[2026-04-15 07:21:57 UTC] Unauthorized API request {"path":"/GSS/api/shared/reports/candidate_report_get.php?application_id=APP-20260211125723738"}
[2026-04-15 07:22:30 UTC] Unauthorized API request {"path":"/GSS/api/shared/case_workflow_snapshot.php?application_id=APP-20260211125723738"}
[2026-04-15 07:22:30 UTC] Unauthorized API request {"path":"/GSS/api/shared/reports/candidate_report_get.php?application_id=APP-20260211125723738"}
[2026-04-15 08:53:06 UTC] Unauthorized API request {"path":"/GSS/api/shared/case_workflow_snapshot.php?application_id=APP-20260211112833766"}
[2026-04-15 08:53:06 UTC] Unauthorized API request {"path":"/GSS/api/shared/reports/candidate_report_get.php?application_id=APP-20260211112833766"}
[2026-04-15 09:05:48 UTC] Unauthorized API request {"path":"/GSS/api/shared/case_workflow_snapshot.php?application_id=APP-20260211125723738"}
[2026-04-15 09:05:48 UTC] Unauthorized API request {"path":"/GSS/api/shared/reports/candidate_report_get.php?application_id=APP-20260211125723738"}
[2026-04-15 09:05:52 UTC] Unauthorized API request {"path":"/GSS/api/shared/case_workflow_snapshot.php?application_id=APP-20260404152516127"}
[2026-04-15 09:05:52 UTC] Unauthorized API request {"path":"/GSS/api/shared/reports/candidate_report_get.php?application_id=APP-20260404152516127"}
[2026-04-15 09:06:03 UTC] Unauthorized API request {"path":"/GSS/api/shared/case_workflow_snapshot.php?application_id=APP-20260409085630961"}
[2026-04-15 09:06:03 UTC] Unauthorized API request {"path":"/GSS/api/shared/reports/candidate_report_get.php?application_id=APP-20260409085630961"}
[2026-04-15 09:06:32 UTC] Unauthorized API request {"path":"/GSS/api/shared/case_workflow_snapshot.php?application_id=APP-20260211112833766"}
[2026-04-15 09:06:32 UTC] Unauthorized API request {"path":"/GSS/api/shared/reports/candidate_report_get.php?application_id=APP-20260211112833766"}
[2026-04-15 09:06:41 UTC] Unauthorized API request {"path":"/GSS/api/shared/case_workflow_snapshot.php?application_id=APP-20260211125723738"}
[2026-04-15 09:06:41 UTC] Unauthorized API request {"path":"/GSS/api/shared/reports/candidate_report_get.php?application_id=APP-20260211125723738"}
[2026-04-15 09:55:17 UTC] Unauthorized API request {"path":"/GSS/api/shared/case_workflow_snapshot.php?application_id=APP-20260211112833766"}
[2026-04-15 09:55:17 UTC] Unauthorized API request {"path":"/GSS/api/shared/reports/candidate_report_get.php?application_id=APP-20260211112833766"}
[2026-04-15 09:55:26 UTC] Unauthorized API request {"path":"/GSS/api/shared/case_workflow_snapshot.php?application_id=APP-20260211125723738"}
[2026-04-15 09:55:26 UTC] Unauthorized API request {"path":"/GSS/api/shared/reports/candidate_report_get.php?application_id=APP-20260211125723738"}
[2026-04-15 10:04:41 UTC] Unauthorized API request {"path":"/GSS/api/shared/case_workflow_snapshot.php?application_id=APP-20260211125723738"}
[2026-04-15 10:04:41 UTC] Unauthorized API request {"path":"/GSS/api/shared/reports/candidate_report_get.php?application_id=APP-20260211125723738"}
[2026-04-15 10:28:47 UTC] Unauthorized API request {"path":"/GSS/api/shared/case_workflow_snapshot.php?application_id=APP-20260409152306290"}
[2026-04-15 10:28:47 UTC] Unauthorized API request {"path":"/GSS/api/shared/reports/candidate_report_get.php?application_id=APP-20260409152306290"}
[2026-04-15 10:28:56 UTC] Unauthorized API request {"path":"/GSS/api/shared/case_workflow_snapshot.php?application_id=APP-20260211125723738"}
[2026-04-15 10:28:56 UTC] Unauthorized API request {"path":"/GSS/api/shared/reports/candidate_report_get.php?application_id=APP-20260211125723738"}
[2026-04-15 10:36:58 UTC] Unauthorized API request {"path":"/GSS/api/shared/case_workflow_snapshot.php?application_id=APP-20260211120135542"}
[2026-04-15 10:36:59 UTC] Unauthorized API request {"path":"/GSS/api/shared/reports/candidate_report_get.php?application_id=APP-20260211120135542"}
[2026-04-15 10:37:13 UTC] Unauthorized API request {"path":"/GSS/api/shared/case_workflow_snapshot.php?application_id=APP-20260211120135542"}
[2026-04-15 10:37:13 UTC] Unauthorized API request {"path":"/GSS/api/shared/reports/candidate_report_get.php?application_id=APP-20260211120135542"}
[2026-04-15 10:44:32 UTC] Unauthorized API request {"path":"/GSS/api/shared/case_workflow_snapshot.php?application_id=APP-20260409152306290"}
[2026-04-15 10:44:32 UTC] Unauthorized API request {"path":"/GSS/api/shared/reports/candidate_report_get.php?application_id=APP-20260409152306290"}
[2026-04-15 10:44:50 UTC] Unauthorized API request {"path":"/GSS/api/shared/case_workflow_snapshot.php?application_id=APP-20260211125723738"}
[2026-04-15 10:44:50 UTC] Unauthorized API request {"path":"/GSS/api/shared/reports/candidate_report_get.php?application_id=APP-20260211125723738"}
[2026-04-15 10:45:08 UTC] Unauthorized API request {"path":"/GSS/api/shared/case_workflow_snapshot.php?application_id=APP-20260211125723738"}
[2026-04-15 10:45:08 UTC] Unauthorized API request {"path":"/GSS/api/shared/reports/candidate_report_get.php?application_id=APP-20260211125723738"}
[2026-04-15 10:48:17 UTC] Unauthorized API request {"path":"/GSS/api/shared/case_workflow_snapshot.php?application_id=APP-20260211120135542"}
[2026-04-15 10:48:17 UTC] Unauthorized API request {"path":"/GSS/api/shared/reports/candidate_report_get.php?application_id=APP-20260211120135542"}
[2026-04-15 10:48:38 UTC] Unauthorized API request {"path":"/GSS/api/shared/case_workflow_snapshot.php?application_id=APP-20260211125723738"}
[2026-04-15 10:48:38 UTC] Unauthorized API request {"path":"/GSS/api/shared/reports/candidate_report_get.php?application_id=APP-20260211125723738"}
[2026-04-15 11:00:00 UTC] Unauthorized API request {"path":"/GSS/api/shared/case_workflow_snapshot.php?application_id=APP-20260211120135542"}
[2026-04-15 11:00:00 UTC] Unauthorized API request {"path":"/GSS/api/shared/reports/candidate_report_get.php?application_id=APP-20260211120135542"}
[2026-04-15 11:00:09 UTC] Unauthorized API request {"path":"/GSS/api/shared/case_workflow_snapshot.php?application_id=APP-20260211120135542"}
[2026-04-15 11:00:09 UTC] Unauthorized API request {"path":"/GSS/api/shared/reports/candidate_report_get.php?application_id=APP-20260211120135542"}
[2026-04-15 12:27:24 UTC] Unauthorized API request {"path":"/GSS/api/shared/my_assigned_applications.php"}
[2026-04-15 12:28:06 UTC] Unauthorized API request {"path":"/GSS/api/shared/my_assigned_applications.php"}
[2026-04-15 12:28:09 UTC] Unauthorized API request {"path":"/GSS/api/shared/my_assigned_applications.php"}
[2026-04-15 12:28:47 UTC] Unauthorized API request {"path":"/GSS/api/shared/my_assigned_applications.php"}
[2026-04-15 12:28:50 UTC] Unauthorized API request {"path":"/GSS/api/shared/my_assigned_applications.php"}
[2026-04-15 12:29:08 UTC] Unauthorized API request {"path":"/GSS/api/shared/my_assigned_applications.php"}
[2026-04-15 12:29:12 UTC] Unauthorized API request {"path":"/GSS/api/shared/my_assigned_applications.php"}
[2026-04-15 12:32:34 UTC] Unauthorized API request {"path":"/GSS/api/shared/my_assigned_applications.php"}
[2026-04-15 12:32:42 UTC] Unauthorized API request {"path":"/GSS/api/shared/my_assigned_applications.php"}
[2026-04-15 12:32:48 UTC] Unauthorized API request {"path":"/GSS/api/shared/my_assigned_applications.php"}
[2026-04-15 12:32:51 UTC] Unauthorized API request {"path":"/GSS/api/shared/my_assigned_applications.php"}
[2026-04-15 12:41:05 UTC] Unauthorized API request {"path":"/GSS/api/shared/my_assigned_applications.php"}
[2026-04-15 12:41:11 UTC] Unauthorized API request {"path":"/GSS/api/shared/my_assigned_applications.php"}
[2026-04-15 12:41:11 UTC] Unauthorized API request {"path":"/GSS/api/shared/case_workflow_snapshot.php?application_id=APP-20260211120135542"}
[2026-04-15 12:41:11 UTC] Unauthorized API request {"path":"/GSS/api/shared/reports/candidate_report_get.php?application_id=APP-20260211120135542"}
[2026-04-15 12:41:19 UTC] Unauthorized API request {"path":"/GSS/api/shared/my_assigned_applications.php"}
[2026-04-15 12:41:25 UTC] Unauthorized API request {"path":"/GSS/api/shared/my_assigned_applications.php"}
[2026-04-15 12:41:25 UTC] Unauthorized API request {"path":"/GSS/api/shared/case_workflow_snapshot.php?application_id=APP-20260409152306290"}
[2026-04-15 12:41:26 UTC] Unauthorized API request {"path":"/GSS/api/shared/reports/candidate_report_get.php?application_id=APP-20260409152306290"}
[2026-04-15 12:41:28 UTC] Unauthorized API request {"path":"/GSS/api/shared/my_assigned_applications.php"}
[2026-04-15 12:41:30 UTC] Unauthorized API request {"path":"/GSS/api/shared/my_assigned_applications.php"}
[2026-04-15 12:41:30 UTC] Unauthorized API request {"path":"/GSS/api/shared/case_workflow_snapshot.php?application_id=APP-20260211125723738"}
[2026-04-15 12:41:30 UTC] Unauthorized API request {"path":"/GSS/api/shared/reports/candidate_report_get.php?application_id=APP-20260211125723738"}
[2026-04-15 12:50:58 UTC] Unauthorized API request {"path":"/GSS/api/shared/case_management/case_timeline_list.php?application_id=APP-20260409152306290"}
[2026-04-15 12:58:18 UTC] Unauthorized API request {"path":"/GSS/api/shared/my_assigned_applications.php"}
[2026-04-15 12:58:18 UTC] Unauthorized API request {"path":"/GSS/api/shared/case_workflow_snapshot.php?application_id=APP-20260211125723738"}
[2026-04-15 12:58:18 UTC] Unauthorized API request {"path":"/GSS/api/shared/reports/candidate_report_get.php?application_id=APP-20260211125723738"}
[2026-04-15 12:58:31 UTC] Unauthorized API request {"path":"/GSS/api/shared/my_assigned_applications.php"}
[2026-04-15 12:58:33 UTC] Unauthorized API request {"path":"/GSS/api/shared/my_assigned_applications.php"}
[2026-04-15 12:58:33 UTC] Unauthorized API request {"path":"/GSS/api/shared/case_workflow_snapshot.php?application_id=APP-20260211125723738"}
[2026-04-15 12:58:33 UTC] Unauthorized API request {"path":"/GSS/api/shared/reports/candidate_report_get.php?application_id=APP-20260211125723738"}
[2026-04-15 13:03:47 UTC] Unauthorized API request {"path":"/GSS/api/shared/my_assigned_applications.php"}
[2026-04-15 13:03:47 UTC] Unauthorized API request {"path":"/GSS/api/shared/case_workflow_snapshot.php?application_id=APP-20260211125723738"}
[2026-04-15 13:03:47 UTC] Unauthorized API request {"path":"/GSS/api/shared/reports/candidate_report_get.php?application_id=APP-20260211125723738"}
[2026-04-15 13:03:58 UTC] Unauthorized API request {"path":"/GSS/api/shared/my_assigned_applications.php"}
[2026-04-15 13:07:21 UTC] Unauthorized API request {"path":"/GSS/api/shared/my_assigned_applications.php"}
[2026-04-15 13:07:21 UTC] Unauthorized API request {"path":"/GSS/api/shared/case_workflow_snapshot.php?application_id=APP-20260211120135542"}
[2026-04-15 13:07:21 UTC] Unauthorized API request {"path":"/GSS/api/shared/reports/candidate_report_get.php?application_id=APP-20260211120135542"}
[2026-04-15 13:09:01 UTC] Unauthorized API request {"path":"/GSS/api/shared/my_assigned_applications.php"}
[2026-04-15 13:09:22 UTC] Unauthorized API request {"path":"/GSS/api/shared/my_assigned_applications.php"}
[2026-04-15 13:09:27 UTC] Unauthorized API request {"path":"/GSS/api/shared/my_assigned_applications.php"}
[2026-04-15 13:09:27 UTC] Unauthorized API request {"path":"/GSS/api/shared/case_workflow_snapshot.php?application_id=APP-20260211120135542"}
[2026-04-15 13:09:27 UTC] Unauthorized API request {"path":"/GSS/api/shared/reports/candidate_report_get.php?application_id=APP-20260211120135542"}
[2026-04-15 13:09:30 UTC] Unauthorized API request {"path":"/GSS/api/shared/my_assigned_applications.php"}
[2026-04-15 13:09:32 UTC] Unauthorized API request {"path":"/GSS/api/shared/my_assigned_applications.php"}
[2026-04-15 13:09:32 UTC] Unauthorized API request {"path":"/GSS/api/shared/case_workflow_snapshot.php?application_id=APP-20260211125723738"}
[2026-04-15 13:09:32 UTC] Unauthorized API request {"path":"/GSS/api/shared/reports/candidate_report_get.php?application_id=APP-20260211125723738"}
[2026-04-15 13:10:15 UTC] Unauthorized API request {"path":"/GSS/api/shared/my_assigned_applications.php"}
[2026-04-15 13:10:41 UTC] Unauthorized API request {"path":"/GSS/api/shared/my_assigned_applications.php"}
[2026-04-15 13:12:56 UTC] Unauthorized API request {"path":"/GSS/api/shared/my_assigned_applications.php"}
[2026-04-15 13:12:57 UTC] Unauthorized API request {"path":"/GSS/api/shared/case_workflow_snapshot.php?application_id=APP-20260211125723738"}
[2026-04-15 13:12:57 UTC] Unauthorized API request {"path":"/GSS/api/shared/reports/candidate_report_get.php?application_id=APP-20260211125723738"}
[2026-04-15 13:14:30 UTC] Unauthorized API request {"path":"/GSS/api/shared/my_assigned_applications.php"}
[2026-04-15 13:14:34 UTC] Unauthorized API request {"path":"/GSS/api/shared/my_assigned_applications.php"}
[2026-04-15 13:14:34 UTC] Unauthorized API request {"path":"/GSS/api/shared/case_workflow_snapshot.php?application_id=APP-20260211120135542"}
[2026-04-15 13:14:34 UTC] Unauthorized API request {"path":"/GSS/api/shared/reports/candidate_report_get.php?application_id=APP-20260211120135542"}
[2026-04-15 13:14:38 UTC] Unauthorized API request {"path":"/GSS/api/shared/my_assigned_applications.php"}
[2026-04-15 13:14:41 UTC] Unauthorized API request {"path":"/GSS/api/shared/my_assigned_applications.php"}
[2026-04-15 13:14:41 UTC] Unauthorized API request {"path":"/GSS/api/shared/case_workflow_snapshot.php?application_id=APP-20260211125723738"}
[2026-04-15 13:14:41 UTC] Unauthorized API request {"path":"/GSS/api/shared/reports/candidate_report_get.php?application_id=APP-20260211125723738"}
[2026-04-15 13:16:51 UTC] Unauthorized API request {"path":"/GSS/api/shared/my_assigned_applications.php"}
[2026-04-15 13:16:51 UTC] Unauthorized API request {"path":"/GSS/api/shared/case_workflow_snapshot.php?application_id=APP-20260211125723738"}
[2026-04-15 13:16:51 UTC] Unauthorized API request {"path":"/GSS/api/shared/reports/candidate_report_get.php?application_id=APP-20260211125723738"}
[2026-04-15 13:18:47 UTC] Unauthorized API request {"path":"/GSS/api/shared/my_assigned_applications.php"}
[2026-04-15 13:18:47 UTC] Unauthorized API request {"path":"/GSS/api/shared/case_workflow_snapshot.php?application_id=APP-20260211125723738"}
[2026-04-15 13:18:47 UTC] Unauthorized API request {"path":"/GSS/api/shared/reports/candidate_report_get.php?application_id=APP-20260211125723738"}
[2026-04-16 07:36:06 UTC] Unauthorized API request {"path":"/GSS/api/shared/reports/candidate_report_get.php?application_id=APP-20260409152306290"}
[2026-04-16 07:37:13 UTC] Unauthorized API request {"path":"/GSS/api/shared/my_assigned_applications.php"}
[2026-04-16 07:37:38 UTC] Unauthorized API request {"path":"/GSS/api/shared/my_assigned_applications.php"}
[2026-04-16 07:37:38 UTC] Unauthorized API request {"path":"/GSS/api/shared/case_workflow_snapshot.php?application_id=APP-20260211125723738"}
[2026-04-16 07:37:38 UTC] Unauthorized API request {"path":"/GSS/api/shared/reports/candidate_report_get.php?application_id=APP-20260211125723738"}
[2026-04-16 07:37:42 UTC] Unauthorized API request {"path":"/GSS/api/shared/my_assigned_applications.php"}
[2026-04-16 07:37:46 UTC] Unauthorized API request {"path":"/GSS/api/shared/my_assigned_applications.php"}
[2026-04-16 07:37:47 UTC] Unauthorized API request {"path":"/GSS/api/shared/my_assigned_applications.php"}
[2026-04-16 07:38:31 UTC] Unauthorized API request {"path":"/GSS/api/shared/my_assigned_applications.php"}
[2026-04-16 07:38:31 UTC] Unauthorized API request {"path":"/GSS/api/shared/case_workflow_snapshot.php?application_id=APP-20260211125723738"}
[2026-04-16 07:38:31 UTC] Unauthorized API request {"path":"/GSS/api/shared/reports/candidate_report_get.php?application_id=APP-20260211125723738"}
[2026-04-16 07:38:51 UTC] Unauthorized API request {"path":"/GSS/api/shared/my_assigned_applications.php"}
[2026-04-16 07:38:54 UTC] Unauthorized API request {"path":"/GSS/api/shared/my_assigned_applications.php"}
[2026-04-16 07:38:54 UTC] Unauthorized API request {"path":"/GSS/api/shared/case_workflow_snapshot.php?application_id=APP-20260409152306290"}
[2026-04-16 07:38:54 UTC] Unauthorized API request {"path":"/GSS/api/shared/reports/candidate_report_get.php?application_id=APP-20260409152306290"}
[2026-04-16 07:38:58 UTC] Unauthorized API request {"path":"/GSS/api/shared/my_assigned_applications.php"}
[2026-04-16 07:39:07 UTC] Unauthorized API request {"path":"/GSS/api/shared/my_assigned_applications.php"}
[2026-04-16 07:39:07 UTC] Unauthorized API request {"path":"/GSS/api/shared/case_workflow_snapshot.php?application_id=APP-20260409085630961"}
[2026-04-16 07:39:07 UTC] Unauthorized API request {"path":"/GSS/api/shared/reports/candidate_report_get.php?application_id=APP-20260409085630961"}
[2026-04-16 07:39:11 UTC] Unauthorized API request {"path":"/GSS/api/shared/my_assigned_applications.php"}
[2026-04-16 08:15:25 UTC] Unauthorized API request {"path":"/GSS/api/shared/reports/candidate_report_get.php?application_id=APP-20260409085630961&t=1776327325618"}
[2026-04-27 05:27:18 UTC] Unauthorized API request {"path":"/GSS/api/shared/my_assigned_applications.php"}
[2026-04-27 05:27:21 UTC] Unauthorized API request {"path":"/GSS/api/shared/my_assigned_applications.php"}
[2026-04-27 05:35:41 UTC] Unauthorized API request {"path":"/GSS/api/shared/my_assigned_applications.php"}
[2026-04-27 10:33:53 UTC] Unauthorized API request {"path":"/GSS/api/shared/reports/candidate_report_get.php?role=validator&application_id=APP-20260320134038693&client_id=3"}
[2026-04-27 10:33:53 UTC] Unauthorized API request {"path":"/GSS/api/shared/case_management/case_timeline_list.php?application_id=APP-20260320134038693"}
[2026-04-28 09:52:27 UTC] Unauthorized API request {"path":"/GSS/api/shared/reports/candidate_report_get.php?application_id=APP-20260428114622304&t=1777369947557"}
[2026-04-28 10:02:37 UTC] Unauthorized API request {"path":"/GSS/api/shared/reports/candidate_report_get.php?application_id=APP-20260428114622304&role=candidate&t=1777370557887"}
[2026-04-28 10:02:43 UTC] Unauthorized API request {"path":"/GSS/api/shared/reports/candidate_report_get.php?application_id=APP-20260428114622304&role=candidate&t=1777370563225"}
[2026-04-28 10:02:48 UTC] Unauthorized API request {"path":"/GSS/api/shared/reports/candidate_report_get.php?application_id=APP-20260428114622304&role=candidate&t=1777370568346"}
[2026-04-28 10:23:17 UTC] Unauthorized API request {"path":"/GSS/api/shared/reports/candidate_report_get.php?application_id=APP-20260428114622304&role=candidate&t=1777371797345"}
[2026-04-30 09:31:13 UTC] Unauthorized API request {"path":"/GSS/api/shared/my_assigned_applications.php"}
[2026-04-30 09:31:15 UTC] Unauthorized API request {"path":"/GSS/api/shared/my_assigned_applications.php"}
[2026-04-30 09:31:16 UTC] Unauthorized API request {"path":"/GSS/api/shared/my_assigned_applications.php"}
[2026-04-30 09:31:16 UTC] Unauthorized API request {"path":"/GSS/api/shared/case_workflow_snapshot.php?application_id=APP-20260409095432299"}
[2026-04-30 09:31:17 UTC] Unauthorized API request {"path":"/GSS/api/shared/case_management/case_timeline_list.php?application_id=APP-20260409095432299&limit=1"}
[2026-04-30 09:51:02 UTC] Unauthorized API request {"path":"/GSS/api/shared/my_assigned_applications.php"}
[2026-04-30 09:51:04 UTC] Unauthorized API request {"path":"/GSS/api/shared/my_assigned_applications.php"}
[2026-04-30 09:51:04 UTC] Unauthorized API request {"path":"/GSS/api/shared/case_workflow_snapshot.php?application_id=APP-20260324085053469"}
[2026-04-30 09:51:04 UTC] Unauthorized API request {"path":"/GSS/api/shared/reports/candidate_report_get.php?application_id=APP-20260324085053469"}
[2026-04-30 09:51:06 UTC] Unauthorized API request {"path":"/GSS/api/shared/my_assigned_applications.php"}
[2026-04-30 12:00:01 UTC] Unauthorized API request {"path":"/GSS/api/shared/my_assigned_applications.php"}
[2026-05-02 06:56:41 UTC] Unauthorized API request {"path":"/GSS/api/shared/reports/candidate_report_get.php?application_id=APP-20260502073209113&role=candidate"}
[2026-05-04 12:07:38 UTC] Unauthorized API request {"path":"/GSS/api/shared/my_assigned_applications.php"}
[2026-05-04 12:08:08 UTC] Unauthorized API request {"path":"/GSS/api/shared/my_assigned_applications.php"}
[2026-05-04 12:08:09 UTC] Unauthorized API request {"path":"/GSS/api/shared/my_assigned_applications.php"}
[2026-05-04 12:08:09 UTC] Unauthorized API request {"path":"/GSS/api/shared/case_workflow_snapshot.php?application_id=APP-20260324085053469"}
[2026-05-04 12:08:09 UTC] Unauthorized API request {"path":"/GSS/api/shared/reports/candidate_report_get.php?application_id=APP-20260324085053469"}
[2026-05-04 12:08:10 UTC] Unauthorized API request {"path":"/GSS/api/shared/my_assigned_applications.php"}
[2026-05-04 12:08:31 UTC] Unauthorized API request {"path":"/GSS/api/shared/my_assigned_applications.php"}
[2026-05-04 12:08:31 UTC] Unauthorized API request {"path":"/GSS/api/shared/case_workflow_snapshot.php?application_id=APP-20260504140424261"}
[2026-05-04 12:08:31 UTC] Unauthorized API request {"path":"/GSS/api/shared/reports/candidate_report_get.php?application_id=APP-20260504140424261"}
[2026-05-04 12:08:39 UTC] Unauthorized API request {"path":"/GSS/api/shared/my_assigned_applications.php"}
[2026-05-04 12:08:41 UTC] Unauthorized API request {"path":"/GSS/api/shared/my_assigned_applications.php"}
[2026-05-04 12:08:41 UTC] Unauthorized API request {"path":"/GSS/api/shared/case_workflow_snapshot.php?application_id=APP-20260324085053469"}
[2026-05-04 12:08:41 UTC] Unauthorized API request {"path":"/GSS/api/shared/reports/candidate_report_get.php?application_id=APP-20260324085053469"}
[2026-05-04 12:08:43 UTC] Unauthorized API request {"path":"/GSS/api/shared/my_assigned_applications.php"}
[2026-05-04 12:08:44 UTC] Unauthorized API request {"path":"/GSS/api/shared/my_assigned_applications.php"}
[2026-05-04 12:08:44 UTC] Unauthorized API request {"path":"/GSS/api/shared/case_workflow_snapshot.php?application_id=APP-20260504140424261"}
[2026-05-04 12:08:44 UTC] Unauthorized API request {"path":"/GSS/api/shared/reports/candidate_report_get.php?application_id=APP-20260504140424261"}
[2026-05-04 12:08:45 UTC] Unauthorized API request {"path":"/GSS/api/shared/my_assigned_applications.php"}
[2026-05-04 12:08:45 UTC] Unauthorized API request {"path":"/GSS/api/shared/my_assigned_applications.php"}
[2026-05-04 12:08:45 UTC] Unauthorized API request {"path":"/GSS/api/shared/case_workflow_snapshot.php?application_id=APP-20260324085053469"}
[2026-05-04 12:08:45 UTC] Unauthorized API request {"path":"/GSS/api/shared/reports/candidate_report_get.php?application_id=APP-20260324085053469"}
[2026-05-04 12:09:36 UTC] Unauthorized API request {"path":"/GSS/api/shared/my_assigned_applications.php"}
[2026-05-04 12:09:38 UTC] Unauthorized API request {"path":"/GSS/api/shared/my_assigned_applications.php"}
[2026-05-04 12:09:38 UTC] Unauthorized API request {"path":"/GSS/api/shared/case_workflow_snapshot.php?application_id=APP-20260324085053469"}
[2026-05-04 12:09:38 UTC] Unauthorized API request {"path":"/GSS/api/shared/reports/candidate_report_get.php?application_id=APP-20260324085053469"}
[2026-05-04 12:31:52 UTC] Unauthorized API request {"path":"/GSS/api/shared/my_assigned_applications.php"}
[2026-05-04 12:31:54 UTC] Unauthorized API request {"path":"/GSS/api/shared/my_assigned_applications.php"}
[2026-05-04 12:31:54 UTC] Unauthorized API request {"path":"/GSS/api/shared/case_workflow_snapshot.php?application_id=APP-20260324085053469"}
[2026-05-04 12:31:54 UTC] Unauthorized API request {"path":"/GSS/api/shared/reports/candidate_report_get.php?application_id=APP-20260324085053469"}
[2026-05-04 12:32:51 UTC] Unauthorized API request {"path":"/GSS/api/shared/my_assigned_applications.php"}
[2026-05-04 12:32:51 UTC] Unauthorized API request {"path":"/GSS/api/shared/case_workflow_snapshot.php?application_id=APP-20260324085053469"}
[2026-05-04 12:32:51 UTC] Unauthorized API request {"path":"/GSS/api/shared/reports/candidate_report_get.php?application_id=APP-20260324085053469"}
[2026-05-04 12:32:56 UTC] Unauthorized API request {"path":"/GSS/api/shared/my_assigned_applications.php"}
[2026-05-04 12:32:56 UTC] Unauthorized API request {"path":"/GSS/api/shared/case_workflow_snapshot.php?application_id=APP-20260324085053469"}
[2026-05-04 12:32:56 UTC] Unauthorized API request {"path":"/GSS/api/shared/reports/candidate_report_get.php?application_id=APP-20260324085053469"}
[2026-05-04 12:34:22 UTC] Unauthorized API request {"path":"/GSS/api/shared/my_assigned_applications.php"}
[2026-05-04 12:34:22 UTC] Unauthorized API request {"path":"/GSS/api/shared/case_workflow_snapshot.php?application_id=APP-20260324085053469"}
[2026-05-04 12:34:22 UTC] Unauthorized API request {"path":"/GSS/api/shared/reports/candidate_report_get.php?application_id=APP-20260324085053469"}
[2026-05-04 12:34:24 UTC] Unauthorized API request {"path":"/GSS/api/shared/my_assigned_applications.php"}
[2026-05-04 12:34:25 UTC] Unauthorized API request {"path":"/GSS/api/shared/my_assigned_applications.php"}
[2026-05-04 12:34:25 UTC] Unauthorized API request {"path":"/GSS/api/shared/case_workflow_snapshot.php?application_id=APP-20260324085053469"}
[2026-05-04 12:34:25 UTC] Unauthorized API request {"path":"/GSS/api/shared/reports/candidate_report_get.php?application_id=APP-20260324085053469"}
[2026-05-04 12:34:28 UTC] Unauthorized API request {"path":"/GSS/api/shared/my_assigned_applications.php"}
[2026-05-04 12:34:28 UTC] Unauthorized API request {"path":"/GSS/api/shared/my_assigned_applications.php"}
[2026-05-04 12:34:28 UTC] Unauthorized API request {"path":"/GSS/api/shared/case_workflow_snapshot.php?application_id=APP-20260504140424261"}
[2026-05-04 12:34:28 UTC] Unauthorized API request {"path":"/GSS/api/shared/reports/candidate_report_get.php?application_id=APP-20260504140424261"}
[2026-05-04 12:34:32 UTC] Unauthorized API request {"path":"/GSS/api/shared/my_assigned_applications.php"}
[2026-05-04 12:34:33 UTC] Unauthorized API request {"path":"/GSS/api/shared/my_assigned_applications.php"}
[2026-05-04 12:34:33 UTC] Unauthorized API request {"path":"/GSS/api/shared/case_workflow_snapshot.php?application_id=APP-20260409095432299"}
[2026-05-04 12:34:33 UTC] Unauthorized API request {"path":"/GSS/api/shared/reports/candidate_report_get.php?application_id=APP-20260409095432299"}
[2026-05-04 12:34:34 UTC] Unauthorized API request {"path":"/GSS/api/shared/my_assigned_applications.php"}
[2026-05-04 12:34:38 UTC] Unauthorized API request {"path":"/GSS/api/shared/my_assigned_applications.php"}
[2026-05-04 12:34:38 UTC] Unauthorized API request {"path":"/GSS/api/shared/case_workflow_snapshot.php?application_id=APP-20260324085053469"}
[2026-05-04 12:34:38 UTC] Unauthorized API request {"path":"/GSS/api/shared/reports/candidate_report_get.php?application_id=APP-20260324085053469"}
[2026-05-04 12:35:24 UTC] Unauthorized API request {"path":"/GSS/api/shared/my_assigned_applications.php"}
[2026-05-04 12:35:30 UTC] Unauthorized API request {"path":"/GSS/api/shared/my_assigned_applications.php"}
[2026-05-04 12:35:30 UTC] Unauthorized API request {"path":"/GSS/api/shared/case_workflow_snapshot.php?application_id=APP-20260211112833766"}
[2026-05-04 12:35:30 UTC] Unauthorized API request {"path":"/GSS/api/shared/reports/candidate_report_get.php?application_id=APP-20260211112833766"}
[2026-05-04 12:37:58 UTC] Unauthorized API request {"path":"/GSS/api/shared/my_assigned_applications.php"}
[2026-05-04 12:37:58 UTC] Unauthorized API request {"path":"/GSS/api/shared/case_workflow_snapshot.php?application_id=APP-20260211112833766"}
[2026-05-04 12:37:58 UTC] Unauthorized API request {"path":"/GSS/api/shared/reports/candidate_report_get.php?application_id=APP-20260211112833766"}
[2026-05-04 12:37:58 UTC] Unauthorized API request {"path":"/GSS/api/shared/my_assigned_applications.php"}
[2026-05-04 12:37:58 UTC] Unauthorized API request {"path":"/GSS/api/shared/case_workflow_snapshot.php?application_id=APP-20260211112833766"}
[2026-05-04 12:37:58 UTC] Unauthorized API request {"path":"/GSS/api/shared/reports/candidate_report_get.php?application_id=APP-20260211112833766"}
[2026-05-04 12:40:40 UTC] Unauthorized API request {"path":"/GSS/api/shared/my_assigned_applications.php"}
[2026-05-04 12:40:40 UTC] Unauthorized API request {"path":"/GSS/api/shared/case_workflow_snapshot.php?application_id=APP-20260211112833766"}
[2026-05-04 12:40:40 UTC] Unauthorized API request {"path":"/GSS/api/shared/reports/candidate_report_get.php?application_id=APP-20260211112833766"}
[2026-05-04 12:40:40 UTC] Unauthorized API request {"path":"/GSS/api/shared/my_assigned_applications.php"}
[2026-05-04 12:40:40 UTC] Unauthorized API request {"path":"/GSS/api/shared/case_workflow_snapshot.php?application_id=APP-20260211112833766"}
[2026-05-04 12:40:40 UTC] Unauthorized API request {"path":"/GSS/api/shared/reports/candidate_report_get.php?application_id=APP-20260211112833766"}
[2026-05-04 12:40:42 UTC] Unauthorized API request {"path":"/GSS/api/shared/my_assigned_applications.php"}
[2026-05-04 12:40:44 UTC] Unauthorized API request {"path":"/GSS/api/shared/my_assigned_applications.php"}
[2026-05-04 12:40:44 UTC] Unauthorized API request {"path":"/GSS/api/shared/case_workflow_snapshot.php?application_id=APP-20260211112833766"}
[2026-05-04 12:40:44 UTC] Unauthorized API request {"path":"/GSS/api/shared/reports/candidate_report_get.php?application_id=APP-20260211112833766"}
[2026-05-04 12:40:44 UTC] Unauthorized API request {"path":"/GSS/api/shared/my_assigned_applications.php"}
[2026-05-04 12:40:44 UTC] Unauthorized API request {"path":"/GSS/api/shared/case_workflow_snapshot.php?application_id=APP-20260211112833766"}
[2026-05-04 12:40:44 UTC] Unauthorized API request {"path":"/GSS/api/shared/reports/candidate_report_get.php?application_id=APP-20260211112833766"}
[2026-05-04 12:40:46 UTC] Unauthorized API request {"path":"/GSS/api/shared/my_assigned_applications.php"}
[2026-05-04 12:40:49 UTC] Unauthorized API request {"path":"/GSS/api/shared/my_assigned_applications.php"}
[2026-05-04 12:40:49 UTC] Unauthorized API request {"path":"/GSS/api/shared/case_workflow_snapshot.php?application_id=APP-20260324085053469"}
[2026-05-04 12:40:49 UTC] Unauthorized API request {"path":"/GSS/api/shared/reports/candidate_report_get.php?application_id=APP-20260324085053469"}
[2026-05-04 12:40:49 UTC] Unauthorized API request {"path":"/GSS/api/shared/my_assigned_applications.php"}
[2026-05-04 12:40:49 UTC] Unauthorized API request {"path":"/GSS/api/shared/case_workflow_snapshot.php?application_id=APP-20260324085053469"}
[2026-05-04 12:40:49 UTC] Unauthorized API request {"path":"/GSS/api/shared/reports/candidate_report_get.php?application_id=APP-20260324085053469"}
[2026-05-04 12:43:15 UTC] Unauthorized API request {"path":"/GSS/api/shared/my_assigned_applications.php"}
[2026-05-04 12:43:15 UTC] Unauthorized API request {"path":"/GSS/api/shared/case_workflow_snapshot.php?application_id=APP-20260324085053469"}
[2026-05-04 12:43:15 UTC] Unauthorized API request {"path":"/GSS/api/shared/reports/candidate_report_get.php?application_id=APP-20260324085053469"}
[2026-05-04 12:43:15 UTC] Unauthorized API request {"path":"/GSS/api/shared/my_assigned_applications.php"}
[2026-05-04 12:43:15 UTC] Unauthorized API request {"path":"/GSS/api/shared/case_workflow_snapshot.php?application_id=APP-20260324085053469"}
[2026-05-04 12:43:15 UTC] Unauthorized API request {"path":"/GSS/api/shared/reports/candidate_report_get.php?application_id=APP-20260324085053469"}
[2026-05-04 12:44:37 UTC] Unauthorized API request {"path":"/GSS/api/shared/my_assigned_applications.php"}
[2026-05-04 12:44:38 UTC] Unauthorized API request {"path":"/GSS/api/shared/my_assigned_applications.php"}
[2026-05-04 12:44:38 UTC] Unauthorized API request {"path":"/GSS/api/shared/case_workflow_snapshot.php?application_id=APP-20260324085053469"}
[2026-05-04 12:44:38 UTC] Unauthorized API request {"path":"/GSS/api/shared/reports/candidate_report_get.php?application_id=APP-20260324085053469"}
[2026-05-04 12:44:38 UTC] Unauthorized API request {"path":"/GSS/api/shared/my_assigned_applications.php"}
[2026-05-04 12:44:38 UTC] Unauthorized API request {"path":"/GSS/api/shared/case_workflow_snapshot.php?application_id=APP-20260324085053469"}
[2026-05-04 12:44:38 UTC] Unauthorized API request {"path":"/GSS/api/shared/reports/candidate_report_get.php?application_id=APP-20260324085053469"}
[2026-05-04 12:44:46 UTC] Unauthorized API request {"path":"/GSS/api/shared/my_assigned_applications.php"}
[2026-05-04 12:44:48 UTC] Unauthorized API request {"path":"/GSS/api/shared/my_assigned_applications.php"}
[2026-05-04 12:44:48 UTC] Unauthorized API request {"path":"/GSS/api/shared/case_workflow_snapshot.php?application_id=APP-20260504140424261"}
[2026-05-04 12:44:48 UTC] Unauthorized API request {"path":"/GSS/api/shared/reports/candidate_report_get.php?application_id=APP-20260504140424261"}
[2026-05-04 12:44:48 UTC] Unauthorized API request {"path":"/GSS/api/shared/my_assigned_applications.php"}
[2026-05-04 12:44:48 UTC] Unauthorized API request {"path":"/GSS/api/shared/case_workflow_snapshot.php?application_id=APP-20260504140424261"}
[2026-05-04 12:44:48 UTC] Unauthorized API request {"path":"/GSS/api/shared/reports/candidate_report_get.php?application_id=APP-20260504140424261"}
[2026-05-04 12:49:12 UTC] Unauthorized API request {"path":"/GSS/api/shared/my_assigned_applications.php"}
[2026-05-04 12:49:12 UTC] Unauthorized API request {"path":"/GSS/api/shared/case_workflow_snapshot.php?application_id=APP-20260504140424261"}
[2026-05-04 12:49:12 UTC] Unauthorized API request {"path":"/GSS/api/shared/reports/candidate_report_get.php?application_id=APP-20260504140424261"}
[2026-05-04 12:49:12 UTC] Unauthorized API request {"path":"/GSS/api/shared/my_assigned_applications.php"}
[2026-05-04 12:49:12 UTC] Unauthorized API request {"path":"/GSS/api/shared/case_workflow_snapshot.php?application_id=APP-20260504140424261"}
[2026-05-04 12:49:12 UTC] Unauthorized API request {"path":"/GSS/api/shared/reports/candidate_report_get.php?application_id=APP-20260504140424261"}
[2026-05-04 12:49:14 UTC] Unauthorized API request {"path":"/GSS/api/shared/my_assigned_applications.php"}
[2026-05-04 12:49:15 UTC] Unauthorized API request {"path":"/GSS/api/shared/my_assigned_applications.php"}
[2026-05-04 12:49:15 UTC] Unauthorized API request {"path":"/GSS/api/shared/case_workflow_snapshot.php?application_id=APP-20260324085053469"}
[2026-05-04 12:49:15 UTC] Unauthorized API request {"path":"/GSS/api/shared/reports/candidate_report_get.php?application_id=APP-20260324085053469"}
[2026-05-04 12:49:16 UTC] Unauthorized API request {"path":"/GSS/api/shared/my_assigned_applications.php"}
[2026-05-04 12:49:16 UTC] Unauthorized API request {"path":"/GSS/api/shared/case_workflow_snapshot.php?application_id=APP-20260324085053469"}
[2026-05-04 12:49:16 UTC] Unauthorized API request {"path":"/GSS/api/shared/reports/candidate_report_get.php?application_id=APP-20260324085053469"}
[2026-05-04 12:49:19 UTC] Unauthorized API request {"path":"/GSS/api/shared/my_assigned_applications.php"}
[2026-05-04 12:49:42 UTC] Unauthorized API request {"path":"/GSS/api/shared/my_assigned_applications.php"}
[2026-05-04 12:49:43 UTC] Unauthorized API request {"path":"/GSS/api/shared/my_assigned_applications.php"}
[2026-05-04 12:49:43 UTC] Unauthorized API request {"path":"/GSS/api/shared/case_workflow_snapshot.php?application_id=APP-20260211125723738"}
[2026-05-04 12:49:43 UTC] Unauthorized API request {"path":"/GSS/api/shared/reports/candidate_report_get.php?application_id=APP-20260211125723738"}
[2026-05-04 12:49:43 UTC] Unauthorized API request {"path":"/GSS/api/shared/my_assigned_applications.php"}
[2026-05-04 12:49:43 UTC] Unauthorized API request {"path":"/GSS/api/shared/case_workflow_snapshot.php?application_id=APP-20260211125723738"}
[2026-05-04 12:49:43 UTC] Unauthorized API request {"path":"/GSS/api/shared/reports/candidate_report_get.php?application_id=APP-20260211125723738"}
[2026-05-04 12:49:49 UTC] Unauthorized API request {"path":"/GSS/api/shared/my_assigned_applications.php"}
[2026-05-04 12:49:49 UTC] Unauthorized API request {"path":"/GSS/api/shared/case_workflow_snapshot.php?application_id=APP-20260211125723738"}
[2026-05-04 12:49:49 UTC] Unauthorized API request {"path":"/GSS/api/shared/reports/candidate_report_get.php?application_id=APP-20260211125723738"}
[2026-05-04 12:49:49 UTC] Unauthorized API request {"path":"/GSS/api/shared/my_assigned_applications.php"}
[2026-05-04 12:49:49 UTC] Unauthorized API request {"path":"/GSS/api/shared/case_workflow_snapshot.php?application_id=APP-20260211125723738"}
[2026-05-04 12:49:49 UTC] Unauthorized API request {"path":"/GSS/api/shared/reports/candidate_report_get.php?application_id=APP-20260211125723738"}
[2026-05-04 12:50:02 UTC] Unauthorized API request {"path":"/GSS/api/shared/my_assigned_applications.php"}
[2026-05-04 12:50:04 UTC] Unauthorized API request {"path":"/GSS/api/shared/my_assigned_applications.php"}
[2026-05-04 12:50:04 UTC] Unauthorized API request {"path":"/GSS/api/shared/case_workflow_snapshot.php?application_id=APP-20260324085053469"}
[2026-05-04 12:50:04 UTC] Unauthorized API request {"path":"/GSS/api/shared/reports/candidate_report_get.php?application_id=APP-20260324085053469"}
[2026-05-04 12:50:04 UTC] Unauthorized API request {"path":"/GSS/api/shared/my_assigned_applications.php"}
[2026-05-04 12:50:04 UTC] Unauthorized API request {"path":"/GSS/api/shared/case_workflow_snapshot.php?application_id=APP-20260324085053469"}
[2026-05-04 12:50:04 UTC] Unauthorized API request {"path":"/GSS/api/shared/reports/candidate_report_get.php?application_id=APP-20260324085053469"}
[2026-05-04 12:52:58 UTC] Unauthorized API request {"path":"/GSS/api/shared/my_assigned_applications.php"}
[2026-05-04 12:52:58 UTC] Unauthorized API request {"path":"/GSS/api/shared/my_assigned_applications.php"}
[2026-05-04 12:52:59 UTC] Unauthorized API request {"path":"/GSS/api/shared/my_assigned_applications.php"}
[2026-05-04 12:53:00 UTC] Unauthorized API request {"path":"/GSS/api/shared/my_assigned_applications.php"}
[2026-05-04 12:53:00 UTC] Unauthorized API request {"path":"/GSS/api/shared/my_assigned_applications.php"}
[2026-05-04 12:53:19 UTC] Unauthorized API request {"path":"/GSS/api/shared/my_assigned_applications.php"}
[2026-05-04 12:53:19 UTC] Unauthorized API request {"path":"/GSS/api/shared/my_assigned_applications.php"}
[2026-05-04 12:53:21 UTC] Unauthorized API request {"path":"/GSS/api/shared/my_assigned_applications.php"}
[2026-05-04 12:53:22 UTC] Unauthorized API request {"path":"/GSS/api/shared/my_assigned_applications.php"}
[2026-05-04 12:53:22 UTC] Unauthorized API request {"path":"/GSS/api/shared/my_assigned_applications.php"}
[2026-05-04 12:53:23 UTC] Unauthorized API request {"path":"/GSS/api/shared/my_assigned_applications.php"}
[2026-05-04 12:53:24 UTC] Unauthorized API request {"path":"/GSS/api/shared/my_assigned_applications.php"}
[2026-05-04 12:53:24 UTC] Unauthorized API request {"path":"/GSS/api/shared/my_assigned_applications.php"}
[2026-05-04 12:53:25 UTC] Unauthorized API request {"path":"/GSS/api/shared/my_assigned_applications.php"}
[2026-05-04 12:53:26 UTC] Unauthorized API request {"path":"/GSS/api/shared/my_assigned_applications.php"}
[2026-05-04 12:53:27 UTC] Unauthorized API request {"path":"/GSS/api/shared/my_assigned_applications.php"}
[2026-05-04 12:53:28 UTC] Unauthorized API request {"path":"/GSS/api/shared/my_assigned_applications.php"}
[2026-05-04 12:53:29 UTC] Unauthorized API request {"path":"/GSS/api/shared/my_assigned_applications.php"}
[2026-05-04 12:53:29 UTC] Unauthorized API request {"path":"/GSS/api/shared/my_assigned_applications.php"}
[2026-05-04 12:53:31 UTC] Unauthorized API request {"path":"/GSS/api/shared/my_assigned_applications.php"}
[2026-05-04 12:59:23 UTC] Unauthorized API request {"path":"/GSS/api/shared/my_assigned_applications.php"}
[2026-05-04 12:59:24 UTC] Unauthorized API request {"path":"/GSS/api/shared/my_assigned_applications.php"}
[2026-05-04 12:59:24 UTC] Unauthorized API request {"path":"/GSS/api/shared/my_assigned_applications.php"}
[2026-05-04 12:59:26 UTC] Unauthorized API request {"path":"/GSS/api/shared/my_assigned_applications.php"}
[2026-05-04 12:59:27 UTC] Unauthorized API request {"path":"/GSS/api/shared/my_assigned_applications.php"}
[2026-05-04 12:59:27 UTC] Unauthorized API request {"path":"/GSS/api/shared/my_assigned_applications.php"}
[2026-05-04 13:00:01 UTC] Unauthorized API request {"path":"/GSS/api/shared/my_assigned_applications.php"}
[2026-05-04 13:00:01 UTC] Unauthorized API request {"path":"/GSS/api/shared/my_assigned_applications.php"}
[2026-05-04 13:00:02 UTC] Unauthorized API request {"path":"/GSS/api/shared/my_assigned_applications.php"}
[2026-05-04 13:00:03 UTC] Unauthorized API request {"path":"/GSS/api/shared/my_assigned_applications.php"}
[2026-05-04 13:00:03 UTC] Unauthorized API request {"path":"/GSS/api/shared/my_assigned_applications.php"}
[2026-05-04 13:00:06 UTC] Unauthorized API request {"path":"/GSS/api/shared/my_assigned_applications.php"}
[2026-05-04 13:04:23 UTC] Unauthorized API request {"path":"/GSS/api/shared/my_assigned_applications.php"}
[2026-05-04 13:04:24 UTC] Unauthorized API request {"path":"/GSS/api/shared/my_assigned_applications.php"}
[2026-05-04 13:04:24 UTC] Unauthorized API request {"path":"/GSS/api/shared/my_assigned_applications.php"}
[2026-05-05 12:19:32 UTC] Unauthorized API request {"path":"/GSS/api/shared/my_assigned_applications.php"}
[2026-05-05 12:19:32 UTC] Unauthorized API request {"path":"/GSS/api/shared/my_assigned_applications.php"}
[2026-05-06 05:06:03 UTC] Unauthorized API request {"path":"/GSS/api/shared/my_assigned_applications.php"}
[2026-05-06 05:06:05 UTC] Unauthorized API request {"path":"/GSS/api/shared/my_assigned_applications.php"}
[2026-05-06 05:06:07 UTC] Unauthorized API request {"path":"/GSS/api/shared/my_assigned_applications.php"}
[2026-05-06 05:06:11 UTC] Unauthorized API request {"path":"/GSS/api/shared/my_assigned_applications.php"}
[2026-05-06 05:06:13 UTC] Unauthorized API request {"path":"/GSS/api/shared/my_assigned_applications.php"}
[2026-05-06 05:06:14 UTC] Unauthorized API request {"path":"/GSS/api/shared/my_assigned_applications.php"}
[2026-05-06 05:19:45 UTC] Unauthorized API request {"path":"/GSS/api/shared/my_assigned_applications.php"}
[2026-05-06 05:19:47 UTC] Unauthorized API request {"path":"/GSS/api/shared/my_assigned_applications.php"}
[2026-05-06 05:19:48 UTC] Unauthorized API request {"path":"/GSS/api/shared/my_assigned_applications.php"}
[2026-05-06 05:19:51 UTC] Unauthorized API request {"path":"/GSS/api/shared/my_assigned_applications.php"}
[2026-05-06 05:21:17 UTC] Unauthorized API request {"path":"/GSS/api/shared/my_assigned_applications.php"}
[2026-05-06 05:21:18 UTC] Unauthorized API request {"path":"/GSS/api/shared/my_assigned_applications.php"}
[2026-05-06 05:21:19 UTC] Unauthorized API request {"path":"/GSS/api/shared/my_assigned_applications.php"}
[2026-05-06 05:21:32 UTC] Unauthorized API request {"path":"/GSS/api/shared/my_assigned_applications.php"}
[2026-05-06 05:21:33 UTC] Unauthorized API request {"path":"/GSS/api/shared/my_assigned_applications.php"}
[2026-05-06 05:21:44 UTC] Unauthorized API request {"path":"/GSS/api/shared/my_assigned_applications.php"}
[2026-05-06 05:54:28 UTC] Unauthorized API request {"path":"/GSS/api/shared/my_assigned_applications.php"}
[2026-05-06 11:28:31 UTC] Unauthorized API request {"path":"/GSS/api/shared/my_assigned_applications.php"}
[2026-05-06 11:28:32 UTC] Unauthorized API request {"path":"/GSS/api/shared/my_assigned_applications.php"}
[2026-05-07 07:49:38 UTC] Unauthorized API request {"path":"/GSS/api/shared/my_assigned_applications.php"}
[2026-05-07 09:13:38 UTC] Unauthorized API request {"path":"/GSS/api/shared/my_assigned_applications.php"}
[2026-05-08 05:10:45 UTC] Unauthorized API request {"path":"/GSS/api/shared/my_assigned_applications.php"}
[2026-05-08 05:10:46 UTC] Unauthorized API request {"path":"/GSS/api/shared/my_assigned_applications.php"}
[2026-05-08 05:10:47 UTC] Unauthorized API request {"path":"/GSS/api/shared/my_assigned_applications.php"}
[2026-05-08 05:10:54 UTC] Unauthorized API request {"path":"/GSS/api/shared/my_assigned_applications.php"}
[2026-05-08 05:10:55 UTC] Unauthorized API request {"path":"/GSS/api/shared/my_assigned_applications.php"}
[2026-05-08 05:10:56 UTC] Unauthorized API request {"path":"/GSS/api/shared/my_assigned_applications.php"}
[2026-05-08 05:10:57 UTC] Unauthorized API request {"path":"/GSS/api/shared/my_assigned_applications.php"}
[2026-05-08 05:11:00 UTC] Unauthorized API request {"path":"/GSS/api/shared/my_assigned_applications.php"}
[2026-05-08 05:11:01 UTC] Unauthorized API request {"path":"/GSS/api/shared/my_assigned_applications.php"}
[2026-05-08 05:11:01 UTC] Unauthorized API request {"path":"/GSS/api/shared/my_assigned_applications.php"}
[2026-05-12 06:41:35 UTC] Unauthorized API request {"path":"/GSS/api/shared/my_assigned_applications.php"}
[2026-05-12 09:02:05 UTC] Unauthorized API request {"path":"/GSS/api/shared/case_management/case_timeline_list.php?application_id=APP-20260512084604446"}
[2026-05-12 10:30:25 UTC] Unauthorized API request {"path":"/GSS/api/shared/my_assigned_applications.php"}
[2026-05-12 10:30:30 UTC] Unauthorized API request {"path":"/GSS/api/shared/my_assigned_applications.php"}
[2026-05-12 10:30:30 UTC] Unauthorized API request {"path":"/GSS/api/shared/my_assigned_applications.php"}
[2026-05-13 07:07:18 UTC] Unauthorized API request {"path":"/GSS/api/shared/reports/candidate_report_get.php?application_id=APP-20260513085930484&t=1778656038490"}
[2026-05-14 09:26:08 UTC] Unauthorized API request {"path":"/GSS/api/shared/my_assigned_applications.php"}
[2026-05-14 09:26:10 UTC] Unauthorized API request {"path":"/GSS/api/shared/my_assigned_applications.php"}
[2026-05-14 09:26:10 UTC] Unauthorized API request {"path":"/GSS/api/shared/my_assigned_applications.php"}
[2026-05-14 09:26:17 UTC] Unauthorized API request {"path":"/GSS/api/shared/my_assigned_applications.php"}
[2026-05-14 09:26:19 UTC] Unauthorized API request {"path":"/GSS/api/shared/my_assigned_applications.php"}
[2026-05-14 09:26:19 UTC] Unauthorized API request {"path":"/GSS/api/shared/my_assigned_applications.php"}
[2026-05-14 09:27:57 UTC] Unauthorized API request {"path":"/GSS/api/shared/my_assigned_applications.php"}
[2026-05-14 09:27:58 UTC] Unauthorized API request {"path":"/GSS/api/shared/my_assigned_applications.php"}
[2026-05-14 09:27:58 UTC] Unauthorized API request {"path":"/GSS/api/shared/my_assigned_applications.php"}
[2026-05-14 09:28:01 UTC] Unauthorized API request {"path":"/GSS/api/shared/my_assigned_applications.php"}
[2026-05-18 11:03:33 UTC] Unauthorized API request {"path":"/GSS/api/shared/my_assigned_applications.php"}
[2026-05-18 11:03:33 UTC] Unauthorized API request {"path":"/GSS/api/shared/my_assigned_applications.php"}
[2026-05-19 04:15:56 UTC] Unauthorized API request {"path":"/GSS/api/shared/my_assigned_applications.php"}
[2026-05-19 04:15:58 UTC] Unauthorized API request {"path":"/GSS/api/shared/my_assigned_applications.php"}
[2026-05-19 04:15:59 UTC] Unauthorized API request {"path":"/GSS/api/shared/my_assigned_applications.php"}
[2026-05-19 04:15:59 UTC] Unauthorized API request {"path":"/GSS/api/shared/my_assigned_applications.php"}
[2026-05-19 04:16:00 UTC] Unauthorized API request {"path":"/GSS/api/shared/my_assigned_applications.php"}
[2026-05-19 04:16:00 UTC] Unauthorized API request {"path":"/GSS/api/shared/my_assigned_applications.php"}
[2026-05-19 04:16:04 UTC] Unauthorized API request {"path":"/GSS/api/shared/my_assigned_applications.php"}
[2026-05-20 07:49:20 UTC] Unauthorized API request {"path":"/GSS/api/shared/my_assigned_applications.php"}
[2026-05-20 07:49:27 UTC] Unauthorized API request {"path":"/GSS/api/shared/my_assigned_applications.php"}
[2026-05-20 07:49:32 UTC] Unauthorized API request {"path":"/GSS/api/shared/my_assigned_applications.php"}
[2026-05-20 07:49:32 UTC] Unauthorized API request {"path":"/GSS/api/shared/my_assigned_applications.php"}
[2026-05-20 07:49:35 UTC] Unauthorized API request {"path":"/GSS/api/shared/my_assigned_applications.php"}
[2026-05-20 09:10:29 UTC] Unauthorized API request {"path":"/GSS/api/shared/my_assigned_applications.php"}
[2026-05-20 09:10:35 UTC] Unauthorized API request {"path":"/GSS/api/shared/my_assigned_applications.php"}
[2026-05-20 09:10:35 UTC] Unauthorized API request {"path":"/GSS/api/shared/my_assigned_applications.php"}
[2026-05-20 09:10:52 UTC] Unauthorized API request {"path":"/GSS/api/shared/my_assigned_applications.php"}
[2026-05-20 12:50:00 UTC] Unauthorized API request {"path":"/GSS/api/shared/my_assigned_applications.php"}
[2026-05-20 12:53:01 UTC] Unauthorized API request {"path":"/GSS/api/shared/my_assigned_applications.php"}
[2026-05-20 12:53:02 UTC] Unauthorized API request {"path":"/GSS/api/shared/my_assigned_applications.php"}
[2026-05-20 12:53:02 UTC] Unauthorized API request {"path":"/GSS/api/shared/my_assigned_applications.php"}
[2026-05-20 12:53:03 UTC] Unauthorized API request {"path":"/GSS/api/shared/my_assigned_applications.php"}
[2026-05-20 12:53:04 UTC] Unauthorized API request {"path":"/GSS/api/shared/my_assigned_applications.php"}
[2026-05-20 12:53:04 UTC] Unauthorized API request {"path":"/GSS/api/shared/my_assigned_applications.php"}
[2026-05-20 12:53:14 UTC] Unauthorized API request {"path":"/GSS/api/shared/my_assigned_applications.php"}
[2026-05-30 05:16:43 UTC] Unauthorized API request {"path":"/GSS/api/shared/case_management/case_timeline_list.php?application_id=APP-20260529132431508"}
[2026-06-05 06:12:26 UTC] Unauthorized API request {"path":""}
[2026-06-10 10:30:02 UTC] Unauthorized API request {"path":"/GSS/api/shared/my_assigned_applications.php"}
[2026-06-10 10:30:33 UTC] Unauthorized API request {"path":"/GSS/api/shared/my_assigned_applications.php"}
[2026-06-10 10:30:42 UTC] Unauthorized API request {"path":"/GSS/api/shared/my_assigned_applications.php"}
[2026-06-10 10:30:54 UTC] Unauthorized API request {"path":"/GSS/api/shared/my_assigned_applications.php"}
[2026-06-10 10:48:37 UTC] Unauthorized API request {"path":"/GSS/api/shared/communications/workflow_communication_lookup.php"}
[2026-06-10 10:48:37 UTC] Unauthorized API request {"path":"/GSS/api/shared/communications/workflow_communication_lookup.php"}
[2026-06-10 10:48:37 UTC] Unauthorized API request {"path":"/GSS/api/shared/communications/workflow_communication_lookup.php"}
[2026-06-10 10:48:37 UTC] Unauthorized API request {"path":"/GSS/api/shared/communications/workflow_communication_lookup.php"}
[2026-06-10 10:48:37 UTC] Unauthorized API request {"path":"/GSS/api/shared/communications/workflow_communication_lookup.php"}
[2026-06-10 10:48:37 UTC] Unauthorized API request {"path":"/GSS/api/shared/communications/workflow_communication_lookup.php"}
[2026-06-10 10:48:37 UTC] Unauthorized API request {"path":"/GSS/api/shared/communications/workflow_communication_lookup.php"}
[2026-06-10 10:48:37 UTC] Unauthorized API request {"path":"/GSS/api/shared/communications/workflow_communication_lookup.php"}
[2026-06-10 10:48:37 UTC] Unauthorized API request {"path":"/GSS/api/shared/communications/workflow_communication_lookup.php"}
[2026-06-10 10:48:37 UTC] Unauthorized API request {"path":"/GSS/api/shared/communications/workflow_communication_lookup.php"}
[2026-06-10 10:48:37 UTC] Unauthorized API request {"path":"/GSS/api/shared/communications/workflow_communication_lookup.php"}
[2026-06-10 10:48:37 UTC] Unauthorized API request {"path":"/GSS/api/shared/communications/workflow_communication_lookup.php"}
[2026-06-10 10:48:37 UTC] Unauthorized API request {"path":"/GSS/api/shared/communications/workflow_communication_lookup.php"}
[2026-06-10 10:48:37 UTC] Unauthorized API request {"path":"/GSS/api/shared/communications/workflow_communication_lookup.php"}
[2026-06-10 10:48:37 UTC] Unauthorized API request {"path":"/GSS/api/shared/communications/workflow_communication_lookup.php"}
[2026-06-10 10:48:37 UTC] Unauthorized API request {"path":"/GSS/api/shared/communications/workflow_communication_lookup.php"}
[2026-06-10 10:48:37 UTC] Unauthorized API request {"path":"/GSS/api/shared/communications/workflow_communication_lookup.php"}
[2026-06-10 10:48:37 UTC] Unauthorized API request {"path":"/GSS/api/shared/communications/workflow_communication_lookup.php"}
[2026-06-10 10:48:37 UTC] Unauthorized API request {"path":"/GSS/api/shared/communications/workflow_communication_lookup.php"}
[2026-06-10 10:48:37 UTC] Unauthorized API request {"path":"/GSS/api/shared/communications/workflow_communication_lookup.php"}
[2026-06-10 10:48:37 UTC] Unauthorized API request {"path":"/GSS/api/shared/communications/workflow_communication_lookup.php"}
[2026-06-10 10:48:37 UTC] Unauthorized API request {"path":"/GSS/api/shared/communications/workflow_communication_lookup.php"}
[2026-06-10 10:48:37 UTC] Unauthorized API request {"path":"/GSS/api/shared/communications/workflow_communication_lookup.php"}
[2026-06-10 10:48:37 UTC] Unauthorized API request {"path":"/GSS/api/shared/communications/workflow_communication_lookup.php"}
[2026-06-10 10:48:37 UTC] Unauthorized API request {"path":"/GSS/api/shared/communications/workflow_communication_lookup.php"}
[2026-06-10 10:48:37 UTC] Unauthorized API request {"path":"/GSS/api/shared/communications/workflow_communication_lookup.php"}
[2026-06-10 10:48:37 UTC] Unauthorized API request {"path":"/GSS/api/shared/communications/workflow_communication_lookup.php"}
[2026-06-10 10:48:37 UTC] Unauthorized API request {"path":"/GSS/api/shared/communications/workflow_communication_lookup.php"}
[2026-06-10 10:48:37 UTC] Unauthorized API request {"path":"/GSS/api/shared/communications/workflow_communication_lookup.php"}
[2026-06-10 10:48:37 UTC] Unauthorized API request {"path":"/GSS/api/shared/communications/workflow_communication_lookup.php"}
[2026-06-10 10:48:37 UTC] Unauthorized API request {"path":"/GSS/api/shared/communications/workflow_communication_lookup.php"}
[2026-06-10 10:48:37 UTC] Unauthorized API request {"path":"/GSS/api/shared/communications/workflow_communication_lookup.php"}
[2026-06-10 10:48:37 UTC] Unauthorized API request {"path":"/GSS/api/shared/communications/workflow_communication_lookup.php"}
[2026-06-10 10:48:37 UTC] Unauthorized API request {"path":"/GSS/api/shared/communications/workflow_communication_lookup.php"}
[2026-06-10 10:48:37 UTC] Unauthorized API request {"path":"/GSS/api/shared/communications/workflow_communication_lookup.php"}
[2026-06-10 10:48:37 UTC] Unauthorized API request {"path":"/GSS/api/shared/communications/workflow_communication_lookup.php"}
[2026-06-10 10:48:37 UTC] Unauthorized API request {"path":"/GSS/api/shared/communications/workflow_communication_lookup.php"}
[2026-06-10 10:48:37 UTC] Unauthorized API request {"path":"/GSS/api/shared/communications/workflow_communication_lookup.php"}
[2026-06-10 10:48:37 UTC] Unauthorized API request {"path":"/GSS/api/shared/communications/workflow_communication_lookup.php"}
[2026-06-10 10:48:37 UTC] Unauthorized API request {"path":"/GSS/api/shared/communications/workflow_communication_lookup.php"}
[2026-06-10 10:48:37 UTC] Unauthorized API request {"path":"/GSS/api/shared/communications/workflow_communication_lookup.php"}
[2026-06-10 10:48:37 UTC] Unauthorized API request {"path":"/GSS/api/shared/communications/workflow_communication_lookup.php"}
[2026-06-10 10:48:37 UTC] Unauthorized API request {"path":"/GSS/api/shared/communications/workflow_communication_lookup.php"}
[2026-06-10 10:48:37 UTC] Unauthorized API request {"path":"/GSS/api/shared/communications/workflow_communication_lookup.php"}
[2026-06-10 10:48:37 UTC] Unauthorized API request {"path":"/GSS/api/shared/communications/workflow_communication_lookup.php"}
[2026-06-10 10:48:37 UTC] Unauthorized API request {"path":"/GSS/api/shared/communications/workflow_communication_lookup.php"}
[2026-06-10 10:48:37 UTC] Unauthorized API request {"path":"/GSS/api/shared/communications/workflow_communication_lookup.php"}
[2026-06-10 10:48:37 UTC] Unauthorized API request {"path":"/GSS/api/shared/communications/workflow_communication_lookup.php"}
[2026-06-10 10:48:38 UTC] Unauthorized API request {"path":"/GSS/api/shared/communications/workflow_communication_lookup.php"}
[2026-06-10 10:48:38 UTC] Unauthorized API request {"path":"/GSS/api/shared/communications/workflow_communication_lookup.php"}
[2026-06-10 10:48:38 UTC] Unauthorized API request {"path":"/GSS/api/shared/communications/workflow_communication_lookup.php"}
[2026-06-10 10:48:38 UTC] Unauthorized API request {"path":"/GSS/api/shared/communications/workflow_communication_lookup.php"}
[2026-06-10 10:48:38 UTC] Unauthorized API request {"path":"/GSS/api/shared/communications/workflow_communication_lookup.php"}
[2026-06-10 10:48:38 UTC] Unauthorized API request {"path":"/GSS/api/shared/communications/workflow_communication_lookup.php"}
[2026-06-10 10:48:38 UTC] Unauthorized API request {"path":"/GSS/api/shared/communications/workflow_communication_lookup.php"}
[2026-06-10 10:48:38 UTC] Unauthorized API request {"path":"/GSS/api/shared/communications/workflow_communication_lookup.php"}
[2026-06-10 10:48:38 UTC] Unauthorized API request {"path":"/GSS/api/shared/communications/workflow_communication_lookup.php"}
[2026-06-10 10:48:38 UTC] Unauthorized API request {"path":"/GSS/api/shared/communications/workflow_communication_lookup.php"}
[2026-06-10 10:48:38 UTC] Unauthorized API request {"path":"/GSS/api/shared/communications/workflow_communication_lookup.php"}
[2026-06-10 10:48:38 UTC] Unauthorized API request {"path":"/GSS/api/shared/communications/workflow_communication_lookup.php"}
[2026-06-10 10:48:38 UTC] Unauthorized API request {"path":"/GSS/api/shared/communications/workflow_communication_lookup.php"}
[2026-06-10 10:48:38 UTC] Unauthorized API request {"path":"/GSS/api/shared/communications/workflow_communication_lookup.php"}
[2026-06-10 10:48:38 UTC] Unauthorized API request {"path":"/GSS/api/shared/communications/workflow_communication_lookup.php"}
[2026-06-10 10:48:38 UTC] Unauthorized API request {"path":"/GSS/api/shared/communications/workflow_communication_lookup.php"}
[2026-06-10 10:48:38 UTC] Unauthorized API request {"path":"/GSS/api/shared/communications/workflow_communication_lookup.php"}
[2026-06-10 10:48:38 UTC] Unauthorized API request {"path":"/GSS/api/shared/communications/workflow_communication_lookup.php"}
[2026-06-10 10:48:38 UTC] Unauthorized API request {"path":"/GSS/api/shared/communications/workflow_communication_lookup.php"}
[2026-06-10 10:48:38 UTC] Unauthorized API request {"path":"/GSS/api/shared/communications/workflow_communication_lookup.php"}
[2026-06-10 10:48:38 UTC] Unauthorized API request {"path":"/GSS/api/shared/communications/workflow_communication_lookup.php"}
[2026-06-10 10:48:38 UTC] Unauthorized API request {"path":"/GSS/api/shared/communications/workflow_communication_lookup.php"}
[2026-06-10 10:48:38 UTC] Unauthorized API request {"path":"/GSS/api/shared/communications/workflow_communication_lookup.php"}
[2026-06-10 10:48:38 UTC] Unauthorized API request {"path":"/GSS/api/shared/communications/workflow_communication_lookup.php"}
[2026-06-10 10:49:37 UTC] Unauthorized API request {"path":"/GSS/api/shared/communications/workflow_communication_lookup.php"}
[2026-06-10 10:49:37 UTC] Unauthorized API request {"path":"/GSS/api/shared/communications/workflow_communication_lookup.php"}
[2026-06-10 10:49:37 UTC] Unauthorized API request {"path":"/GSS/api/shared/communications/workflow_communication_lookup.php"}
[2026-06-10 10:49:37 UTC] Unauthorized API request {"path":"/GSS/api/shared/communications/workflow_communication_lookup.php"}
[2026-06-10 10:49:37 UTC] Unauthorized API request {"path":"/GSS/api/shared/communications/workflow_communication_lookup.php"}
[2026-06-10 10:49:37 UTC] Unauthorized API request {"path":"/GSS/api/shared/communications/workflow_communication_lookup.php"}
[2026-06-10 10:49:37 UTC] Unauthorized API request {"path":"/GSS/api/shared/communications/workflow_communication_lookup.php"}
[2026-06-10 10:49:37 UTC] Unauthorized API request {"path":"/GSS/api/shared/communications/workflow_communication_lookup.php"}
[2026-06-10 10:49:37 UTC] Unauthorized API request {"path":"/GSS/api/shared/communications/workflow_communication_lookup.php"}
[2026-06-10 10:49:37 UTC] Unauthorized API request {"path":"/GSS/api/shared/communications/workflow_communication_lookup.php"}
[2026-06-10 10:49:37 UTC] Unauthorized API request {"path":"/GSS/api/shared/communications/workflow_communication_lookup.php"}
[2026-06-10 10:49:37 UTC] Unauthorized API request {"path":"/GSS/api/shared/communications/workflow_communication_lookup.php"}
[2026-06-10 10:49:37 UTC] Unauthorized API request {"path":"/GSS/api/shared/communications/workflow_communication_lookup.php"}
[2026-06-10 10:49:37 UTC] Unauthorized API request {"path":"/GSS/api/shared/communications/workflow_communication_lookup.php"}
[2026-06-10 10:49:37 UTC] Unauthorized API request {"path":"/GSS/api/shared/communications/workflow_communication_lookup.php"}
[2026-06-10 10:49:37 UTC] Unauthorized API request {"path":"/GSS/api/shared/communications/workflow_communication_lookup.php"}
[2026-06-10 10:49:37 UTC] Unauthorized API request {"path":"/GSS/api/shared/communications/workflow_communication_lookup.php"}
[2026-06-10 10:49:37 UTC] Unauthorized API request {"path":"/GSS/api/shared/communications/workflow_communication_lookup.php"}
[2026-06-10 10:49:37 UTC] Unauthorized API request {"path":"/GSS/api/shared/communications/workflow_communication_lookup.php"}
[2026-06-10 10:49:37 UTC] Unauthorized API request {"path":"/GSS/api/shared/communications/workflow_communication_lookup.php"}
[2026-06-10 10:49:37 UTC] Unauthorized API request {"path":"/GSS/api/shared/communications/workflow_communication_lookup.php"}
[2026-06-10 10:49:37 UTC] Unauthorized API request {"path":"/GSS/api/shared/communications/workflow_communication_lookup.php"}
[2026-06-10 10:49:37 UTC] Unauthorized API request {"path":"/GSS/api/shared/communications/workflow_communication_lookup.php"}
[2026-06-10 10:49:37 UTC] Unauthorized API request {"path":"/GSS/api/shared/communications/workflow_communication_lookup.php"}
[2026-06-10 12:14:28 UTC] Unauthorized API request {"path":"/GSS/api/shared/authorization/workflow_lane_authorize.php"}
[2026-06-10 12:50:43 UTC] Unauthorized API request {"path":"/GSS/api/shared/my_assigned_applications.php"}
[2026-06-10 12:56:50 UTC] Unauthorized API request {"path":"/GSS/api/shared/my_assigned_applications.php"}
[2026-06-11 06:25:55 UTC] Unauthorized API request {"path":"/GSS/api/shared/my_assigned_applications.php"}
[2026-06-11 06:25:59 UTC] Unauthorized API request {"path":"/GSS/api/shared/my_assigned_applications.php"}
[2026-06-11 06:26:00 UTC] Unauthorized API request {"path":"/GSS/api/shared/my_assigned_applications.php"}
[2026-06-11 06:35:47 UTC] Unauthorized API request {"path":"/GSS/api/shared/my_assigned_applications.php"}
[2026-06-11 06:35:48 UTC] Unauthorized API request {"path":"/GSS/api/shared/my_assigned_applications.php"}
[2026-06-11 06:35:53 UTC] Unauthorized API request {"path":"/GSS/api/shared/my_assigned_applications.php"}
[2026-06-11 06:43:12 UTC] Unauthorized API request {"path":"/GSS/api/shared/my_assigned_applications.php"}
[2026-06-11 06:43:12 UTC] Unauthorized API request {"path":"/GSS/api/shared/my_assigned_applications.php"}
[2026-06-11 06:43:12 UTC] Unauthorized API request {"path":"/GSS/api/shared/my_assigned_applications.php"}
[2026-06-11 06:43:13 UTC] Unauthorized API request {"path":"/GSS/api/shared/my_assigned_applications.php"}
[2026-06-11 10:45:16 UTC] Unauthorized API request {"path":"/GSS/api/shared/integrations/workflow_jwt_service.php"}
[2026-06-11 10:45:33 UTC] Unauthorized API request {"path":"/GSS/api/shared/integrations/workflow_jwt_service.php"}
[2026-06-11 10:59:37 UTC] Unauthorized API request {"path":"/GSS/api/shared/integrations/workflow_jwt_service.phpjwt_issue.php"}
[2026-06-11 10:59:53 UTC] Unauthorized API request {"path":"/GSS/api/shared/integrations/workflow_jwt_service.phpjwt_issue.php"}
[2026-06-11 10:59:53 UTC] Unauthorized API request {"path":"/GSS/api/shared/integrations/workflow_jwt_service.phpjwt_issue.php"}
[2026-06-11 10:59:53 UTC] Unauthorized API request {"path":"/GSS/api/shared/integrations/workflow_jwt_service.phpjwt_issue.php"}
[2026-06-11 11:00:15 UTC] Unauthorized API request {"path":"/GSS/api/shared/reports/candidate_report_get.php?application_id=APP-20260606130845482"}
[2026-06-11 11:00:15 UTC] Unauthorized API request {"path":"/GSS/api/shared/case_management/case_timeline_list.php?application_id=APP-20260606130845482"}
[2026-06-11 11:03:11 UTC] Unauthorized API request {"path":"/GSS/api/shared/workflow_lane_authorize.php"}
[2026-06-11 12:10:38 UTC] Unauthorized API request {"path":"/GSS/api/shared/my_assigned_applications.php"}
[2026-06-11 12:11:29 UTC] Unauthorized API request {"path":"/GSS/api/shared/my_assigned_applications.php"}
[2026-06-11 12:12:05 UTC] Unauthorized API request {"path":"/GSS/api/shared/my_assigned_applications.php"}
[2026-06-11 14:16:14 UTC] Unauthorized API request {"path":"/GSS/api/shared/integrations/workflow_jwt_service.phpjwt_issue.php"}
[2026-06-12 05:44:09 UTC] Unauthorized API request {"path":"/GSS/api/shared/integrations/workflow_jwt_service.phpjwt_issue.php"}
[2026-06-12 05:44:32 UTC] Unauthorized API request {"path":"/GSS/api/shared/integrations/workflow_jwt_service.phpjwt_issue.php"}
[2026-06-12 05:44:43 UTC] Unauthorized API request {"path":"/GSS/api/shared/integrations/workflow_jwt_service.php"}
[2026-06-12 06:07:55 UTC] Unauthorized API request {"path":"/GSS/api/shared/my_assigned_applications.php"}
[2026-06-12 06:07:58 UTC] Unauthorized API request {"path":"/GSS/api/shared/my_assigned_applications.php"}
[2026-06-12 06:08:41 UTC] Unauthorized API request {"path":"/GSS/api/shared/my_assigned_applications.php"}
[2026-06-12 06:09:53 UTC] Unauthorized API request {"path":"/GSS/api/shared/my_assigned_applications.php"}
[2026-06-12 06:13:11 UTC] Unauthorized API request {"path":"/GSS/api/shared/my_assigned_applications.php"}
[2026-06-12 07:14:29 UTC] Unauthorized API request {"path":"/GSS/api/shared/my_assigned_applications.php"}
[2026-06-12 07:29:16 UTC] Unauthorized API request {"path":"/GSS/api/shared/my_assigned_applications.php"}
[2026-06-12 07:30:55 UTC] Unauthorized API request {"path":"/GSS/api/shared/my_assigned_applications.php"}
[2026-06-12 07:31:17 UTC] Unauthorized API request {"path":"/GSS/api/shared/my_assigned_applications.php"}
[2026-06-12 10:07:47 UTC] Unauthorized API request {"path":"/GSS/api/shared/my_assigned_applications.php"}
[2026-06-12 10:10:05 UTC] Unauthorized API request {"path":"/GSS/api/shared/my_assigned_applications.php"}
[2026-06-12 10:14:05 UTC] Unauthorized API request {"path":"/GSS/api/shared/my_assigned_applications.php"}
[2026-06-12 10:14:57 UTC] Unauthorized API request {"path":"/GSS/api/shared/my_assigned_applications.php"}
[2026-06-12 10:14:57 UTC] Unauthorized API request {"path":"/GSS/api/shared/my_assigned_applications.php"}
[2026-06-12 10:22:43 UTC] Unauthorized API request {"path":"/GSS/api/shared/my_assigned_applications.php"}
[2026-06-12 11:05:04 UTC] Unauthorized API request {"path":"/GSS/api/shared/my_assigned_applications.php"}
[2026-06-12 11:05:13 UTC] Unauthorized API request {"path":"/GSS/api/shared/my_assigned_applications.php"}
[2026-06-12 12:10:55 UTC] Unauthorized API request {"path":"/GSS/api/shared/my_assigned_applications.php"}
[2026-06-12 12:28:03 UTC] Unauthorized API request {"path":"/GSS/api/shared/my_assigned_applications.php"}
[2026-06-12 12:28:03 UTC] Unauthorized API request {"path":"/GSS/api/shared/my_assigned_applications.php"}
[2026-06-12 12:30:50 UTC] Unauthorized API request {"path":"/GSS/api/shared/my_assigned_applications.php"}
[2026-06-12 12:35:09 UTC] Unauthorized API request {"path":"/GSS/api/shared/my_assigned_applications.php"}
[2026-06-13 07:08:20 UTC] Unauthorized API request {"path":"/GSS/api/shared/my_assigned_applications.php"}
[2026-06-13 07:08:23 UTC] Unauthorized API request {"path":"/GSS/api/shared/my_assigned_applications.php"}
[2026-06-13 07:08:29 UTC] Unauthorized API request {"path":"/GSS/api/shared/my_assigned_applications.php"}
[2026-06-13 07:08:31 UTC] Unauthorized API request {"path":"/GSS/api/shared/my_assigned_applications.php"}
[2026-06-13 07:08:40 UTC] Unauthorized API request {"path":"/GSS/api/shared/my_assigned_applications.php"}
[2026-06-13 07:09:08 UTC] Unauthorized API request {"path":"/GSS/api/shared/my_assigned_applications.php"}
[2026-06-13 07:22:18 UTC] Unauthorized API request {"path":"/GSS/api/shared/my_assigned_applications.php"}
[2026-06-13 07:22:19 UTC] Unauthorized API request {"path":"/GSS/api/shared/my_assigned_applications.php"}
[2026-06-13 07:22:22 UTC] Unauthorized API request {"path":"/GSS/api/shared/my_assigned_applications.php"}
[2026-06-13 07:22:26 UTC] Unauthorized API request {"path":"/GSS/api/shared/my_assigned_applications.php"}
[2026-06-13 07:22:28 UTC] Unauthorized API request {"path":"/GSS/api/shared/my_assigned_applications.php"}
[2026-06-13 07:26:28 UTC] Unauthorized API request {"path":"/GSS/api/shared/my_assigned_applications.php"}
[2026-06-13 07:26:52 UTC] Unauthorized API request {"path":"/GSS/api/shared/my_assigned_applications.php"}
[2026-06-15 06:45:18 UTC] Unauthorized API request {"path":"/GSS/api/shared/my_assigned_applications.php"}
[2026-06-15 06:45:34 UTC] Unauthorized API request {"path":"/GSS/api/shared/my_assigned_applications.php"}
[2026-06-15 06:45:49 UTC] Unauthorized API request {"path":"/GSS/api/shared/my_assigned_applications.php"}
[2026-06-15 06:45:59 UTC] Unauthorized API request {"path":"/GSS/api/shared/my_assigned_applications.php"}
[2026-06-15 06:46:05 UTC] Unauthorized API request {"path":"/GSS/api/shared/my_assigned_applications.php"}
[2026-06-15 06:46:28 UTC] Unauthorized API request {"path":"/GSS/api/shared/my_assigned_applications.php"}
[2026-06-15 06:46:34 UTC] Unauthorized API request {"path":"/GSS/api/shared/my_assigned_applications.php"}
[2026-06-15 07:08:23 UTC] Unauthorized API request {"path":"/GSS/api/shared/my_assigned_applications.php"}
