{"ts":"2026-05-06T10:51:43+02:00","event":"transition_start","data":{"application_id":"APP-20260505140839550","case_id":125,"component_key":"contact","actor_role":"validator","action":"approve","stage":"validator","expected_workflow_version":10,"transition_request_id":"t1"}}
{"ts":"2026-05-06T10:53:33+02:00","event":"transition_start","data":{"application_id":"APP-20260505140839550","case_id":125,"component_key":"contact","actor_role":"validator","action":"approve","stage":"validator","expected_workflow_version":10,"transition_request_id":"t1"}}
{"ts":"2026-05-06T10:53:37+02:00","event":"queue_projection_update","projection":"validator","case_id":125,"component_key":"contact","data":{"pending_count":0,"done":true}}
{"ts":"2026-05-06T10:53:38+02:00","event":"legacy_shadow_compare","data":{"application_id":"APP-20260505140839550","case_id":125,"component_key":"contact","stage":"validator","drift":{"validator_queue_state":{"status":"done","completed_at":"2026-05-05 19:05:35"}}}}
{"ts":"2026-05-06T10:53:38+02:00","event":"transition_commit","data":{"application_id":"APP-20260505140839550","case_id":125,"component_key":"contact","stage":"validator","action":"approve","workflow_version_before":10,"workflow_version_after":11,"case_status":"PENDING_QA","duration_ms":4497}}
{"ts":"2026-05-06T10:54:47+02:00","event":"transition_start","data":{"application_id":"APP-20260505140839550","case_id":125,"component_key":"education","actor_role":"verifier","action":"approve","stage":"verifier","expected_workflow_version":20,"transition_request_id":"t2"}}
{"ts":"2026-05-06T10:54:47+02:00","event":"transition_rollback","data":{"application_id":"APP-20260505140839550","case_id":125,"component_key":"education","stage":"verifier","action":"approve","error_code":"WF_PREVIOUS_STAGE_PENDING","duration_ms":861}}
{"ts":"2026-05-06T10:54:47+02:00","event":"transition_failure","data":{"error_code":"WF_PREVIOUS_STAGE_PENDING","message":"Previous stage pending"}}
{"ts":"2026-05-06T10:55:07+02:00","event":"transition_start","data":{"application_id":"APP-20260505140839550","case_id":125,"component_key":"contact","actor_role":"validator","action":"approve","stage":"validator","expected_workflow_version":10,"transition_request_id":"t1"}}
{"ts":"2026-05-06T10:55:08+02:00","event":"transition_idempotent_replay","data":{"application_id":"APP-20260505140839550","case_id":125,"transition_request_id":"t1","existing_transition_id":1}}
{"ts":"2026-05-06T10:55:09+02:00","event":"transition_start","data":{"application_id":"APP-20260505140839550","case_id":125,"component_key":"basic","actor_role":"validator","action":"approve","stage":"validator","expected_workflow_version":29,"transition_request_id":"t3"}}
{"ts":"2026-05-06T10:55:10+02:00","event":"transition_rollback","data":{"application_id":"APP-20260505140839550","case_id":125,"component_key":"basic","stage":"validator","action":"approve","error_code":"WF_VERSION_CONFLICT","duration_ms":98}}
{"ts":"2026-05-06T10:55:10+02:00","event":"transition_failure","data":{"error_code":"WF_VERSION_CONFLICT","message":"Workflow version conflict. Please refresh and retry."}}
{"ts":"2026-05-06T10:55:14+02:00","event":"transition_start","data":{"application_id":"APP-20260505140839550","case_id":125,"component_key":"id","actor_role":"client_admin","action":"approve","stage":"client_admin","expected_workflow_version":40,"transition_request_id":"t4"}}
{"ts":"2026-05-06T10:55:14+02:00","event":"transition_rollback","data":{"application_id":"APP-20260505140839550","case_id":125,"component_key":"id","stage":"client_admin","action":"approve","error_code":"WF_FORBIDDEN_ROLE","duration_ms":39}}
{"ts":"2026-05-06T10:55:14+02:00","event":"transition_failure","data":{"error_code":"WF_FORBIDDEN_ROLE","message":"Forbidden"}}
{"ts":"2026-05-06T10:55:20+02:00","event":"transition_start","data":{"application_id":"APP-20260505140839550","case_id":125,"component_key":"employment","actor_role":"verifier","action":"approve","stage":"verifier","expected_workflow_version":50,"transition_request_id":"t5"}}
{"ts":"2026-05-06T10:55:20+02:00","event":"transition_rollback","data":{"application_id":"APP-20260505140839550","case_id":125,"component_key":"employment","stage":"verifier","action":"approve","error_code":"WF_NOT_ASSIGNED","duration_ms":228}}
{"ts":"2026-05-06T10:55:20+02:00","event":"transition_failure","data":{"error_code":"WF_NOT_ASSIGNED","message":"Not assigned to this component"}}
{"ts":"2026-05-06T10:55:24+02:00","event":"transition_start","data":{"application_id":"APP-20260505140839550","case_id":125,"component_key":"reference","actor_role":"verifier","action":"approve","stage":"verifier","expected_workflow_version":60,"transition_request_id":"t6"}}
{"ts":"2026-05-06T10:55:24+02:00","event":"transition_rollback","data":{"application_id":"APP-20260505140839550","case_id":125,"component_key":"reference","stage":"verifier","action":"approve","error_code":"WF_INVALID_TRANSITION","duration_ms":120}}
{"ts":"2026-05-06T10:55:24+02:00","event":"transition_failure","data":{"error_code":"WF_INVALID_TRANSITION","message":"Action not allowed from current status"}}
{"ts":"2026-05-06T10:55:28+02:00","event":"transition_start","data":{"application_id":"APP-20260505140839550","case_id":125,"component_key":"ecourt","actor_role":"verifier","action":"approve","stage":"verifier","expected_workflow_version":70,"transition_request_id":"dup-1"}}
{"ts":"2026-05-06T10:55:29+02:00","event":"queue_projection_update","projection":"verifier_group","case_id":125,"component_key":"ecourt","data":{"group":"ADDITIONAL","pending_count":0,"done":true}}
{"ts":"2026-05-06T10:55:29+02:00","event":"legacy_shadow_compare","data":{"application_id":"APP-20260505140839550","case_id":125,"component_key":"ecourt","stage":"verifier","drift":[]}}
{"ts":"2026-05-06T10:55:29+02:00","event":"transition_commit","data":{"application_id":"APP-20260505140839550","case_id":125,"component_key":"ecourt","stage":"verifier","action":"approve","workflow_version_before":70,"workflow_version_after":71,"case_status":"PENDING_QA","duration_ms":518}}
{"ts":"2026-05-06T10:55:29+02:00","event":"transition_start","data":{"application_id":"APP-20260505140839550","case_id":125,"component_key":"ecourt","actor_role":"verifier","action":"approve","stage":"verifier","expected_workflow_version":70,"transition_request_id":"dup-1"}}
{"ts":"2026-05-06T10:55:29+02:00","event":"transition_idempotent_replay","data":{"application_id":"APP-20260505140839550","case_id":125,"transition_request_id":"dup-1","existing_transition_id":2}}
{"ts":"2026-05-06T10:55:33+02:00","event":"transition_start","data":{"application_id":"APP-20260505140839550","case_id":125,"component_key":"basic","actor_role":"qa","action":"approve","stage":"qa","expected_workflow_version":80,"transition_request_id":"t8"}}
{"ts":"2026-05-06T10:55:33+02:00","event":"transition_rollback","data":{"application_id":"APP-20260505140839550","case_id":125,"component_key":"basic","stage":"qa","action":"approve","error_code":"WF_PREVIOUS_STAGE_PENDING","duration_ms":201}}
{"ts":"2026-05-06T10:55:33+02:00","event":"transition_failure","data":{"error_code":"WF_PREVIOUS_STAGE_PENDING","message":"Previous stage pending"}}
{"ts":"2026-05-06T11:06:41+02:00","event":"transition_start","data":{"application_id":"APP-20260505140839550","case_id":125,"component_key":"contact","actor_role":"validator","action":"approve","stage":"validator","expected_workflow_version":10,"transition_request_id":"t1"}}
{"ts":"2026-05-06T11:06:41+02:00","event":"transition_idempotent_replay","data":{"application_id":"APP-20260505140839550","case_id":125,"transition_request_id":"t1","existing_transition_id":1}}
{"ts":"2026-05-06T11:06:45+02:00","event":"transition_start","data":{"application_id":"APP-20260505140839550","case_id":125,"component_key":"education","actor_role":"verifier","action":"approve","stage":"verifier","expected_workflow_version":20,"transition_request_id":"t2"}}
{"ts":"2026-05-06T11:06:45+02:00","event":"transition_rollback","data":{"application_id":"APP-20260505140839550","case_id":125,"component_key":"education","stage":"verifier","action":"approve","error_code":"WF_PREVIOUS_STAGE_PENDING","duration_ms":158}}
{"ts":"2026-05-06T11:06:45+02:00","event":"transition_failure","data":{"error_code":"WF_PREVIOUS_STAGE_PENDING","message":"Previous stage pending"}}
{"ts":"2026-05-06T11:06:49+02:00","event":"transition_start","data":{"application_id":"APP-20260505140839550","case_id":125,"component_key":"basic","actor_role":"validator","action":"approve","stage":"validator","expected_workflow_version":29,"transition_request_id":"t3"}}
{"ts":"2026-05-06T11:06:49+02:00","event":"transition_rollback","data":{"application_id":"APP-20260505140839550","case_id":125,"component_key":"basic","stage":"validator","action":"approve","error_code":"WF_VERSION_CONFLICT","duration_ms":75}}
{"ts":"2026-05-06T11:06:49+02:00","event":"transition_failure","data":{"error_code":"WF_VERSION_CONFLICT","message":"Workflow version conflict. Please refresh and retry."}}
{"ts":"2026-05-06T11:06:53+02:00","event":"transition_start","data":{"application_id":"APP-20260505140839550","case_id":125,"component_key":"id","actor_role":"client_admin","action":"approve","stage":"client_admin","expected_workflow_version":40,"transition_request_id":"t4"}}
{"ts":"2026-05-06T11:06:53+02:00","event":"transition_rollback","data":{"application_id":"APP-20260505140839550","case_id":125,"component_key":"id","stage":"client_admin","action":"approve","error_code":"WF_FORBIDDEN_ROLE","duration_ms":48}}
{"ts":"2026-05-06T11:06:53+02:00","event":"transition_failure","data":{"error_code":"WF_FORBIDDEN_ROLE","message":"Forbidden"}}
{"ts":"2026-05-06T11:06:57+02:00","event":"transition_start","data":{"application_id":"APP-20260505140839550","case_id":125,"component_key":"employment","actor_role":"verifier","action":"approve","stage":"verifier","expected_workflow_version":50,"transition_request_id":"t5"}}
{"ts":"2026-05-06T11:06:57+02:00","event":"transition_rollback","data":{"application_id":"APP-20260505140839550","case_id":125,"component_key":"employment","stage":"verifier","action":"approve","error_code":"WF_NOT_ASSIGNED","duration_ms":75}}
{"ts":"2026-05-06T11:06:57+02:00","event":"transition_failure","data":{"error_code":"WF_NOT_ASSIGNED","message":"Not assigned to this component"}}
{"ts":"2026-05-06T11:07:01+02:00","event":"transition_start","data":{"application_id":"APP-20260505140839550","case_id":125,"component_key":"reference","actor_role":"verifier","action":"approve","stage":"verifier","expected_workflow_version":60,"transition_request_id":"t6"}}
{"ts":"2026-05-06T11:07:01+02:00","event":"transition_rollback","data":{"application_id":"APP-20260505140839550","case_id":125,"component_key":"reference","stage":"verifier","action":"approve","error_code":"WF_INVALID_TRANSITION","duration_ms":122}}
{"ts":"2026-05-06T11:07:01+02:00","event":"transition_failure","data":{"error_code":"WF_INVALID_TRANSITION","message":"Action not allowed from current status"}}
{"ts":"2026-05-06T11:07:05+02:00","event":"transition_start","data":{"application_id":"APP-20260505140839550","case_id":125,"component_key":"ecourt","actor_role":"verifier","action":"approve","stage":"verifier","expected_workflow_version":70,"transition_request_id":"dup-1"}}
{"ts":"2026-05-06T11:07:05+02:00","event":"transition_idempotent_replay","data":{"application_id":"APP-20260505140839550","case_id":125,"transition_request_id":"dup-1","existing_transition_id":2}}
{"ts":"2026-05-06T11:07:05+02:00","event":"transition_start","data":{"application_id":"APP-20260505140839550","case_id":125,"component_key":"ecourt","actor_role":"verifier","action":"approve","stage":"verifier","expected_workflow_version":70,"transition_request_id":"dup-1"}}
{"ts":"2026-05-06T11:07:05+02:00","event":"transition_idempotent_replay","data":{"application_id":"APP-20260505140839550","case_id":125,"transition_request_id":"dup-1","existing_transition_id":2}}
{"ts":"2026-05-06T11:07:09+02:00","event":"transition_start","data":{"application_id":"APP-20260505140839550","case_id":125,"component_key":"basic","actor_role":"qa","action":"approve","stage":"qa","expected_workflow_version":80,"transition_request_id":"t8"}}
{"ts":"2026-05-06T11:07:09+02:00","event":"transition_rollback","data":{"application_id":"APP-20260505140839550","case_id":125,"component_key":"basic","stage":"qa","action":"approve","error_code":"WF_PREVIOUS_STAGE_PENDING","duration_ms":195}}
{"ts":"2026-05-06T11:07:09+02:00","event":"transition_failure","data":{"error_code":"WF_PREVIOUS_STAGE_PENDING","message":"Previous stage pending"}}
{"ts":"2026-05-06T11:07:55+02:00","event":"transition_start","data":{"application_id":"APP-20260505140839550","case_id":125,"component_key":"contact","actor_role":"validator","action":"approve","stage":"validator","expected_workflow_version":10,"transition_request_id":"t1-1778058471"}}
{"ts":"2026-05-06T11:07:56+02:00","event":"queue_projection_update","projection":"validator","case_id":125,"component_key":"contact","data":{"pending_count":0,"done":true}}
{"ts":"2026-05-06T11:07:56+02:00","event":"legacy_shadow_compare","data":{"application_id":"APP-20260505140839550","case_id":125,"component_key":"contact","stage":"validator","drift":{"validator_queue_state":{"status":"done","completed_at":"2026-05-05 19:05:35"}}}}
{"ts":"2026-05-06T11:07:56+02:00","event":"transition_commit","data":{"application_id":"APP-20260505140839550","case_id":125,"component_key":"contact","stage":"validator","action":"approve","workflow_version_before":10,"workflow_version_after":11,"case_status":"PENDING_QA","duration_ms":660}}
{"ts":"2026-05-06T11:08:00+02:00","event":"transition_start","data":{"application_id":"APP-20260505140839550","case_id":125,"component_key":"education","actor_role":"verifier","action":"approve","stage":"verifier","expected_workflow_version":20,"transition_request_id":"t2-1778058471"}}
{"ts":"2026-05-06T11:08:00+02:00","event":"transition_rollback","data":{"application_id":"APP-20260505140839550","case_id":125,"component_key":"education","stage":"verifier","action":"approve","error_code":"WF_PREVIOUS_STAGE_PENDING","duration_ms":202}}
{"ts":"2026-05-06T11:08:00+02:00","event":"transition_failure","data":{"error_code":"WF_PREVIOUS_STAGE_PENDING","message":"Previous stage pending"}}
{"ts":"2026-05-06T11:08:04+02:00","event":"transition_start","data":{"application_id":"APP-20260505140839550","case_id":125,"component_key":"basic","actor_role":"validator","action":"approve","stage":"validator","expected_workflow_version":29,"transition_request_id":"t3-1778058471"}}
{"ts":"2026-05-06T11:08:04+02:00","event":"transition_rollback","data":{"application_id":"APP-20260505140839550","case_id":125,"component_key":"basic","stage":"validator","action":"approve","error_code":"WF_VERSION_CONFLICT","duration_ms":65}}
{"ts":"2026-05-06T11:08:04+02:00","event":"transition_failure","data":{"error_code":"WF_VERSION_CONFLICT","message":"Workflow version conflict. Please refresh and retry."}}
{"ts":"2026-05-06T11:08:08+02:00","event":"transition_start","data":{"application_id":"APP-20260505140839550","case_id":125,"component_key":"id","actor_role":"client_admin","action":"approve","stage":"client_admin","expected_workflow_version":40,"transition_request_id":"t4-1778058471"}}
{"ts":"2026-05-06T11:08:08+02:00","event":"transition_rollback","data":{"application_id":"APP-20260505140839550","case_id":125,"component_key":"id","stage":"client_admin","action":"approve","error_code":"WF_FORBIDDEN_ROLE","duration_ms":60}}
{"ts":"2026-05-06T11:08:08+02:00","event":"transition_failure","data":{"error_code":"WF_FORBIDDEN_ROLE","message":"Forbidden"}}
{"ts":"2026-05-06T11:08:12+02:00","event":"transition_start","data":{"application_id":"APP-20260505140839550","case_id":125,"component_key":"employment","actor_role":"verifier","action":"approve","stage":"verifier","expected_workflow_version":50,"transition_request_id":"t5-1778058471"}}
{"ts":"2026-05-06T11:08:12+02:00","event":"transition_rollback","data":{"application_id":"APP-20260505140839550","case_id":125,"component_key":"employment","stage":"verifier","action":"approve","error_code":"WF_NOT_ASSIGNED","duration_ms":70}}
{"ts":"2026-05-06T11:08:12+02:00","event":"transition_failure","data":{"error_code":"WF_NOT_ASSIGNED","message":"Not assigned to this component"}}
{"ts":"2026-05-06T11:08:17+02:00","event":"transition_start","data":{"application_id":"APP-20260505140839550","case_id":125,"component_key":"reference","actor_role":"verifier","action":"approve","stage":"verifier","expected_workflow_version":60,"transition_request_id":"t6-1778058471"}}
{"ts":"2026-05-06T11:08:17+02:00","event":"transition_rollback","data":{"application_id":"APP-20260505140839550","case_id":125,"component_key":"reference","stage":"verifier","action":"approve","error_code":"WF_INVALID_TRANSITION","duration_ms":125}}
{"ts":"2026-05-06T11:08:17+02:00","event":"transition_failure","data":{"error_code":"WF_INVALID_TRANSITION","message":"Action not allowed from current status"}}
{"ts":"2026-05-06T11:08:21+02:00","event":"transition_start","data":{"application_id":"APP-20260505140839550","case_id":125,"component_key":"ecourt","actor_role":"verifier","action":"approve","stage":"verifier","expected_workflow_version":70,"transition_request_id":"dup-1-1778058471"}}
{"ts":"2026-05-06T11:08:21+02:00","event":"queue_projection_update","projection":"verifier_group","case_id":125,"component_key":"ecourt","data":{"group":"ADDITIONAL","pending_count":0,"done":true}}
{"ts":"2026-05-06T11:08:21+02:00","event":"legacy_shadow_compare","data":{"application_id":"APP-20260505140839550","case_id":125,"component_key":"ecourt","stage":"verifier","drift":[]}}
{"ts":"2026-05-06T11:08:21+02:00","event":"transition_commit","data":{"application_id":"APP-20260505140839550","case_id":125,"component_key":"ecourt","stage":"verifier","action":"approve","workflow_version_before":70,"workflow_version_after":71,"case_status":"PENDING_QA","duration_ms":419}}
{"ts":"2026-05-06T11:08:21+02:00","event":"transition_start","data":{"application_id":"APP-20260505140839550","case_id":125,"component_key":"ecourt","actor_role":"verifier","action":"approve","stage":"verifier","expected_workflow_version":70,"transition_request_id":"dup-1-1778058471"}}
{"ts":"2026-05-06T11:08:22+02:00","event":"transition_idempotent_replay","data":{"application_id":"APP-20260505140839550","case_id":125,"transition_request_id":"dup-1-1778058471","existing_transition_id":4}}
{"ts":"2026-05-06T11:08:26+02:00","event":"transition_start","data":{"application_id":"APP-20260505140839550","case_id":125,"component_key":"basic","actor_role":"qa","action":"approve","stage":"qa","expected_workflow_version":80,"transition_request_id":"t8-1778058471"}}
{"ts":"2026-05-06T11:08:26+02:00","event":"transition_rollback","data":{"application_id":"APP-20260505140839550","case_id":125,"component_key":"basic","stage":"qa","action":"approve","error_code":"WF_PREVIOUS_STAGE_PENDING","duration_ms":95}}
{"ts":"2026-05-06T11:08:26+02:00","event":"transition_failure","data":{"error_code":"WF_PREVIOUS_STAGE_PENDING","message":"Previous stage pending"}}
{"ts":"2026-05-06T11:41:35+02:00","event":"transition_start","data":{"application_id":"APP-20260505140839550","case_id":125,"component_key":"contact","actor_role":"validator","action":"approve","stage":"validator","expected_workflow_version":10,"transition_request_id":"t1-1778060490"}}
{"ts":"2026-05-06T11:41:35+02:00","event":"queue_projection_update","projection":"validator","case_id":125,"component_key":"contact","data":{"operational_state":"completed","counts":{"approved":8,"rejected":0,"pending":0,"hold":0,"insufficient_documents":0,"in_progress":0,"waiting_candidate":0},"total_required":8,"terminal_rejection":false}}
{"ts":"2026-05-06T11:41:35+02:00","event":"legacy_shadow_compare","data":{"application_id":"APP-20260505140839550","case_id":125,"component_key":"contact","stage":"validator","drift":{"validator_queue_state":{"status":"done","completed_at":"2026-05-05 19:05:35"}}}}
{"ts":"2026-05-06T11:41:35+02:00","event":"transition_commit","data":{"application_id":"APP-20260505140839550","case_id":125,"component_key":"contact","stage":"validator","action":"approve","workflow_version_before":10,"workflow_version_after":11,"case_status":"PENDING_QA","duration_ms":698}}
{"ts":"2026-05-06T11:41:40+02:00","event":"transition_start","data":{"application_id":"APP-20260505140839550","case_id":125,"component_key":"education","actor_role":"verifier","action":"approve","stage":"verifier","expected_workflow_version":20,"transition_request_id":"t2-1778060490"}}
{"ts":"2026-05-06T11:41:40+02:00","event":"transition_rollback","data":{"application_id":"APP-20260505140839550","case_id":125,"component_key":"education","stage":"verifier","action":"approve","error_code":"WF_PREVIOUS_STAGE_PENDING","duration_ms":136}}
{"ts":"2026-05-06T11:41:40+02:00","event":"transition_failure","data":{"error_code":"WF_PREVIOUS_STAGE_PENDING","message":"Previous stage pending"}}
{"ts":"2026-05-06T11:41:44+02:00","event":"transition_start","data":{"application_id":"APP-20260505140839550","case_id":125,"component_key":"basic","actor_role":"validator","action":"approve","stage":"validator","expected_workflow_version":29,"transition_request_id":"t3-1778060490"}}
{"ts":"2026-05-06T11:41:44+02:00","event":"transition_rollback","data":{"application_id":"APP-20260505140839550","case_id":125,"component_key":"basic","stage":"validator","action":"approve","error_code":"WF_VERSION_CONFLICT","duration_ms":116}}
{"ts":"2026-05-06T11:41:44+02:00","event":"transition_failure","data":{"error_code":"WF_VERSION_CONFLICT","message":"Workflow version conflict. Please refresh and retry."}}
{"ts":"2026-05-06T11:41:48+02:00","event":"transition_start","data":{"application_id":"APP-20260505140839550","case_id":125,"component_key":"id","actor_role":"client_admin","action":"approve","stage":"client_admin","expected_workflow_version":40,"transition_request_id":"t4-1778060490"}}
{"ts":"2026-05-06T11:41:48+02:00","event":"transition_rollback","data":{"application_id":"APP-20260505140839550","case_id":125,"component_key":"id","stage":"client_admin","action":"approve","error_code":"WF_FORBIDDEN_ROLE","duration_ms":65}}
{"ts":"2026-05-06T11:41:48+02:00","event":"transition_failure","data":{"error_code":"WF_FORBIDDEN_ROLE","message":"Forbidden"}}
{"ts":"2026-05-06T11:41:52+02:00","event":"transition_start","data":{"application_id":"APP-20260505140839550","case_id":125,"component_key":"employment","actor_role":"verifier","action":"approve","stage":"verifier","expected_workflow_version":50,"transition_request_id":"t5-1778060490"}}
{"ts":"2026-05-06T11:41:52+02:00","event":"transition_rollback","data":{"application_id":"APP-20260505140839550","case_id":125,"component_key":"employment","stage":"verifier","action":"approve","error_code":"WF_NOT_ASSIGNED","duration_ms":120}}
{"ts":"2026-05-06T11:41:52+02:00","event":"transition_failure","data":{"error_code":"WF_NOT_ASSIGNED","message":"Not assigned to this component"}}
{"ts":"2026-05-06T11:41:56+02:00","event":"transition_start","data":{"application_id":"APP-20260505140839550","case_id":125,"component_key":"reference","actor_role":"verifier","action":"approve","stage":"verifier","expected_workflow_version":60,"transition_request_id":"t6-1778060490"}}
{"ts":"2026-05-06T11:41:56+02:00","event":"transition_rollback","data":{"application_id":"APP-20260505140839550","case_id":125,"component_key":"reference","stage":"verifier","action":"approve","error_code":"WF_INVALID_TRANSITION","duration_ms":123}}
{"ts":"2026-05-06T11:41:56+02:00","event":"transition_failure","data":{"error_code":"WF_INVALID_TRANSITION","message":"Action not allowed from current status"}}
{"ts":"2026-05-06T11:42:01+02:00","event":"transition_start","data":{"application_id":"APP-20260505140839550","case_id":125,"component_key":"ecourt","actor_role":"verifier","action":"approve","stage":"verifier","expected_workflow_version":70,"transition_request_id":"dup-1-1778060490"}}
{"ts":"2026-05-06T11:42:01+02:00","event":"queue_projection_update","projection":"verifier_group","case_id":125,"component_key":"ecourt","data":{"group":"ADDITIONAL","operational_state":"completed","counts":{"approved":2,"rejected":0,"pending":0,"hold":0,"insufficient_documents":0,"in_progress":0,"waiting_candidate":0,"skipped_not_required":0},"actionable_total":2,"terminal_rejection":false}}
{"ts":"2026-05-06T11:42:02+02:00","event":"legacy_shadow_compare","data":{"application_id":"APP-20260505140839550","case_id":125,"component_key":"ecourt","stage":"verifier","drift":[]}}
{"ts":"2026-05-06T11:42:02+02:00","event":"transition_commit","data":{"application_id":"APP-20260505140839550","case_id":125,"component_key":"ecourt","stage":"verifier","action":"approve","workflow_version_before":70,"workflow_version_after":71,"case_status":"PENDING_QA","duration_ms":798}}
{"ts":"2026-05-06T11:42:02+02:00","event":"transition_start","data":{"application_id":"APP-20260505140839550","case_id":125,"component_key":"ecourt","actor_role":"verifier","action":"approve","stage":"verifier","expected_workflow_version":70,"transition_request_id":"dup-1-1778060490"}}
{"ts":"2026-05-06T11:42:02+02:00","event":"transition_idempotent_replay","data":{"application_id":"APP-20260505140839550","case_id":125,"transition_request_id":"dup-1-1778060490","existing_transition_id":6}}
{"ts":"2026-05-06T11:42:06+02:00","event":"transition_start","data":{"application_id":"APP-20260505140839550","case_id":125,"component_key":"basic","actor_role":"qa","action":"approve","stage":"qa","expected_workflow_version":80,"transition_request_id":"t8-1778060490"}}
{"ts":"2026-05-06T11:42:06+02:00","event":"transition_rollback","data":{"application_id":"APP-20260505140839550","case_id":125,"component_key":"basic","stage":"qa","action":"approve","error_code":"WF_PREVIOUS_STAGE_PENDING","duration_ms":140}}
{"ts":"2026-05-06T11:42:06+02:00","event":"transition_failure","data":{"error_code":"WF_PREVIOUS_STAGE_PENDING","message":"Previous stage pending"}}
{"ts":"2026-05-06T12:58:57+02:00","event":"transition_start","data":{"application_id":"APP-20260505140839550","case_id":125,"component_key":"contact","actor_role":"validator","action":"hold","stage":"validator","expected_workflow_version":200,"transition_request_id":"live-hold-1778065137"}}
{"ts":"2026-05-06T12:58:57+02:00","event":"transition_rollback","data":{"application_id":"APP-20260505140839550","case_id":125,"component_key":"contact","stage":"validator","action":"hold","error_code":"WF_INVALID_TRANSITION","duration_ms":183}}
{"ts":"2026-05-06T12:58:57+02:00","event":"transition_failure","data":{"error_code":"WF_INVALID_TRANSITION","message":"Action not allowed from current status"}}
{"ts":"2026-05-06T12:59:02+02:00","event":"transition_start","data":{"application_id":"APP-20260505140839550","case_id":125,"component_key":"contact","actor_role":"validator","action":"insufficient_documents","stage":"validator","expected_workflow_version":210,"transition_request_id":"live-insuff-1778065142"}}
{"ts":"2026-05-06T12:59:02+02:00","event":"queue_projection_update","projection":"validator","case_id":125,"component_key":"contact","data":{"operational_state":"blocked","counts":{"approved":7,"rejected":0,"pending":0,"hold":0,"insufficient_documents":1,"in_progress":0,"waiting_candidate":0},"total_required":8,"terminal_rejection":false}}
{"ts":"2026-05-06T12:59:03+02:00","event":"legacy_shadow_compare","data":{"application_id":"APP-20260505140839550","case_id":125,"component_key":"contact","stage":"validator","drift":{"validator_queue_state":{"status":"blocked","completed_at":null}}}}
{"ts":"2026-05-06T12:59:03+02:00","event":"transition_commit","data":{"application_id":"APP-20260505140839550","case_id":125,"component_key":"contact","stage":"validator","action":"insufficient_documents","workflow_version_before":210,"workflow_version_after":211,"case_status":"PENDING_QA","duration_ms":390}}
{"ts":"2026-05-06T12:59:08+02:00","event":"transition_start","data":{"application_id":"APP-20260505140839550","case_id":125,"component_key":"contact","actor_role":"validator","action":"reject","stage":"validator","expected_workflow_version":220,"transition_request_id":"live-term-1778065148"}}
{"ts":"2026-05-06T12:59:08+02:00","event":"transition_rollback","data":{"application_id":"APP-20260505140839550","case_id":125,"component_key":"contact","stage":"validator","action":"reject","error_code":"WF_INVALID_TRANSITION","duration_ms":116}}
{"ts":"2026-05-06T12:59:08+02:00","event":"transition_failure","data":{"error_code":"WF_INVALID_TRANSITION","message":"Action not allowed from current status"}}
{"ts":"2026-05-06T12:59:48+02:00","event":"transition_start","data":{"application_id":"APP-20260505140839550","case_id":125,"component_key":"contact","actor_role":"validator","action":"hold","stage":"validator","expected_workflow_version":300,"transition_request_id":"reopen-1778065188"}}
{"ts":"2026-05-06T12:59:48+02:00","event":"queue_projection_update","projection":"validator","case_id":125,"component_key":"contact","data":{"operational_state":"blocked","counts":{"approved":7,"rejected":0,"pending":0,"hold":1,"insufficient_documents":0,"in_progress":0,"waiting_candidate":0},"total_required":8,"terminal_rejection":false}}
{"ts":"2026-05-06T12:59:48+02:00","event":"legacy_shadow_compare","data":{"application_id":"APP-20260505140839550","case_id":125,"component_key":"contact","stage":"validator","drift":{"validator_queue_state":{"status":"blocked","completed_at":null}}}}
{"ts":"2026-05-06T12:59:48+02:00","event":"transition_commit","data":{"application_id":"APP-20260505140839550","case_id":125,"component_key":"contact","stage":"validator","action":"hold","workflow_version_before":300,"workflow_version_after":301,"case_status":"PENDING_QA","duration_ms":239}}
